 glquake

 Timestamp is 55d55c63 (Thu Aug 20 00:49:39 2015)

 Preferred load address is 00400000

 Start         Length     Name                   Class
 0001:00000000 00064340H .text                   CODE
 0002:00000000 00000e60H .rdata                  DATA
 0002:00000e60 00000000H .edata                  DATA
 0003:00000000 00000004H .CRT$XCA                DATA
 0003:00000004 00000004H .CRT$XCZ                DATA
 0003:00000008 00000004H .CRT$XIA                DATA
 0003:0000000c 00000008H .CRT$XIC                DATA
 0003:00000014 00000004H .CRT$XIZ                DATA
 0003:00000018 00000004H .CRT$XPA                DATA
 0003:0000001c 00000004H .CRT$XPX                DATA
 0003:00000020 00000004H .CRT$XPZ                DATA
 0003:00000024 00000004H .CRT$XTA                DATA
 0003:00000028 00000004H .CRT$XTZ                DATA
 0003:00000030 0001a510H .data                   DATA
 0003:0001a540 00a38ba4H .bss                    DATA
 0004:00000000 0000008cH .idata$2                DATA
 0004:0000008c 00000014H .idata$3                DATA
 0004:000000a0 0000036cH .idata$4                DATA
 0004:0000040c 0000036cH .idata$5                DATA
 0004:00000778 00000cdaH .idata$6                DATA
 0005:00000000 00000220H .rsrc$01                DATA
 0005:00000220 000028e0H .rsrc$02                DATA

  Address         Publics by Value              Rva+Base     Lib:Object

 0001:00000000       _ArrayNew                  00401000 f   darray.obj
 0001:000000aa       _ArrayFree                 004010aa f   darray.obj
 0001:00000136       _ArrayLength               00401136 f   darray.obj
 0001:00000140       _ArrayNth                  00401140 f   darray.obj
 0001:00000174       _ArrayAppend               00401174 f   darray.obj
 0001:0000018f       _ArrayInsertAt             0040118f f   darray.obj
 0001:000002b1       _ArrayDeleteAt             004012b1 f   darray.obj
 0001:0000033d       _ArrayReplaceAt            0040133d f   darray.obj
 0001:00000383       _ArraySort                 00401383 f   darray.obj
 0001:000003a8       _ArraySearch               004013a8 f   darray.obj
 0001:0000044b       _ArrayMap                  0040144b f   darray.obj
 0001:000004f0       _goa_init                  004014f0 f   goautil.obj
 0001:00000650       _goa_process_queries       00401650 f   goautil.obj
 0001:000007a1       _goa_send_statechanged     004017a1 f   goautil.obj
 0001:000007b2       _goa_shutdown              004017b2 f   goautil.obj
 0001:000007f9       _get_sockaddrin            004017f9 f   goautil.obj
 0001:00000899       _value_for_key             00401899 f   goautil.obj
 0001:000009a7       _swap_byte                 004019a7 f   goautil.obj
 0001:000009c9       _encode_ct                 004019c9 f   goautil.obj
 0001:00000a43       _gs_encode                 00401a43 f   goautil.obj
 0001:00000b46       _gs_encrypt                00401b46 f   goautil.obj
 0001:00000d88       _packet_send               00401d88 f   goautil.obj
 0001:00000e0e       _buffer_send               00401e0e f   goautil.obj
 0001:00000f1a       _send_basic                00401f1a f   goautil.obj
 0001:00000f8f       _send_info                 00401f8f f   goautil.obj
 0001:00001004       _send_rules                00402004 f   goautil.obj
 0001:00001079       _send_players              00402079 f   goautil.obj
 0001:000010ee       _send_echo                 004020ee f   goautil.obj
 0001:00001144       _send_final                00402144 f   goautil.obj
 0001:00001252       _parse_query               00402252 f   goautil.obj
 0001:000014dc       _send_heartbeat            004024dc f   goautil.obj
 0001:000015b0       _ServerFree                004025b0 f   gserver.obj
 0001:000015db       _ServerNew                 004025db f   gserver.obj
 0001:00001640       _ServerParseQ1KeyVals      00402640 f   gserver.obj
 0001:00001944       _ServerParseKeyVals        00402944 f   gserver.obj
 0001:00001bad       _ServerGetPing             00402bad f   gserver.obj
 0001:00001bb8       _ServerGetAddress          00402bb8 f   gserver.obj
 0001:00001bc0       _ServerGetQueryPort        00402bc0 f   gserver.obj
 0001:00001bcb       _ServerRuleLookup          00402bcb f   gserver.obj
 0001:00001bee       _ServerGetStringValue      00402bee f   gserver.obj
 0001:00001c3d       _ServerGetIntValue         00402c3d f   gserver.obj
 0001:00001c95       _ServerGetFloatValue       00402c95 f   gserver.obj
 0001:00001cca       _ServerGetPlayerStringValue 00402cca f   gserver.obj
 0001:00001d01       _ServerGetPlayerIntValue   00402d01 f   gserver.obj
 0001:00001d38       _ServerGetPlayerFloatValue 00402d38 f   gserver.obj
 0001:00001d73       _ServerEnumKeys            00402d73 f   gserver.obj
 0001:00001ec0       _ServerListNew             00402ec0 f   gserverlist.obj
 0001:00001fb1       _ServerListFree            00402fb1 f   gserverlist.obj
 0001:00002000       _ServerListUpdate          00403000 f   gserverlist.obj
 0001:0000263d       _ServerListLANUpdate       0040363d f   gserverlist.obj
 0001:000027f2       _ServerListThink           004037f2 f   gserverlist.obj
 0001:00003223       _ServerListHalt            00404223 f   gserverlist.obj
 0001:0000323c       _ServerListClear           0040423c f   gserverlist.obj
 0001:00003278       _ServerListState           00404278 f   gserverlist.obj
 0001:00003282       _ServerListErrorDesc       00404282 f   gserverlist.obj
 0001:000032dc       _ServerListGetServer       004042dc f   gserverlist.obj
 0001:00003314       _ServerListCount           00404314 f   gserverlist.obj
 0001:00003328       _ServerListSort            00404328 f   gserverlist.obj
 0001:000035d0       _TableNew                  004045d0 f   hashtable.obj
 0001:000036cf       _TableFree                 004046cf f   hashtable.obj
 0001:00003756       _TableCount                00404756 f   hashtable.obj
 0001:000037a5       _TableEnter                004047a5 f   hashtable.obj
 0001:00003828       _TableLookup               00404828 f   hashtable.obj
 0001:00003891       _TableMap                  00404891 f   hashtable.obj
 0001:000038f0       _current_time              004048f0 f   nonport.obj
 0001:000038fb       _msleep                    004048fb f   nonport.obj
 0001:0000390a       _SocketStartUp             0040490a f   nonport.obj
 0001:00003928       _SocketShutDown            00404928 f   nonport.obj
 0001:00003940       _GL_Bind                   00404940 f   gl_draw.obj
 0001:00003985       _Scrap_AllocBlock          00404985 f   gl_draw.obj
 0001:00003abf       _Scrap_Upload              00404abf f   gl_draw.obj
 0001:00003b2c       _Draw_PicFromWad           00404b2c f   gl_draw.obj
 0001:00003ce9       _Draw_CachePic             00404ce9 f   gl_draw.obj
 0001:00003e40       _Draw_CharToConback        00404e40 f   gl_draw.obj
 0001:00003ee3       _Draw_TextureMode_f        00404ee3 f   gl_draw.obj
 0001:0000404b       _Draw_Init                 0040504b f   gl_draw.obj
 0001:0000432c       _Draw_Character            0040532c f   gl_draw.obj
 0001:00004468       _Draw_String               00405468 f   gl_draw.obj
 0001:000044a2       _Draw_DebugChar            004054a2 f   gl_draw.obj
 0001:000044a7       _Draw_AlphaPic             004054a7 f   gl_draw.obj
 0001:00004611       _Draw_Pic                  00405611 f   gl_draw.obj
 0001:00004736       _Draw_TransPic             00405736 f   gl_draw.obj
 0001:0000478e       _Draw_TransPicTranslate    0040578e f   gl_draw.obj
 0001:000049b0       _Draw_ConsoleBackground    004059b0 f   gl_draw.obj
 0001:00004a1b       _Draw_TileClear            00405a1b f   gl_draw.obj
 0001:00004b89       _Draw_Fill                 00405b89 f   gl_draw.obj
 0001:00004cb4       _Draw_FadeScreen           00405cb4 f   gl_draw.obj
 0001:00004da2       _Draw_BeginDisc            00405da2 f   gl_draw.obj
 0001:00004de2       _Draw_EndDisc              00405de2 f   gl_draw.obj
 0001:00004de7       _GL_Set2D                  00405de7 f   gl_draw.obj
 0001:00004ec7       _GL_FindTexture            00405ec7 f   gl_draw.obj
 0001:00004f28       _GL_ResampleTexture        00405f28 f   gl_draw.obj
 0001:00005030       _GL_Resample8BitTexture    00406030 f   gl_draw.obj
 0001:0000512a       _GL_MipMap                 0040612a f   gl_draw.obj
 0001:0000527d       _GL_MipMap8Bit             0040627d f   gl_draw.obj
 0001:0000540e       _GL_Upload32               0040640e f   gl_draw.obj
 0001:000056b5       _GL_Upload8_EXT            004066b5 f   gl_draw.obj
 0001:000059a4       _GL_Upload8                004069a4 f   gl_draw.obj
 0001:00005b22       _GL_LoadTexture            00406b22 f   gl_draw.obj
 0001:00005c49       _GL_LoadPicTexture         00406c49 f   gl_draw.obj
 0001:00005c73       _GL_SelectTexture          00406c73 f   gl_draw.obj
 0001:00005cd0       _StripLength               00406cd0 f   gl_mesh.obj
 0001:00005f08       _FanLength                 00406f08 f   gl_mesh.obj
 0001:00006103       _BuildTris                 00407103 f   gl_mesh.obj
 0001:0000651c       _GL_MakeAliasModelDisplayLists 0040751c f   gl_mesh.obj
 0001:000067c0       _Mod_Init                  004077c0 f   gl_model.obj
 0001:000067e9       _Mod_Extradata             004077e9 f   gl_model.obj
 0001:00006840       _Mod_PointInLeaf           00407840 f   gl_model.obj
 0001:000068e8       _Mod_DecompressVis         004078e8 f   gl_model.obj
 0001:000069a7       _Mod_LeafPVS               004079a7 f   gl_model.obj
 0001:000069d4       _Mod_ClearAll              004079d4 f   gl_model.obj
 0001:00006a23       _Mod_FindName              00407a23 f   gl_model.obj
 0001:00006adb       _Mod_TouchModel            00407adb f   gl_model.obj
 0001:00006b15       _Mod_LoadModel             00407b15 f   gl_model.obj
 0001:00006c2a       _Mod_ForName               00407c2a f   gl_model.obj
 0001:00006c51       _Mod_LoadTextures          00407c51 f   gl_model.obj
 0001:000071fb       _Mod_LoadLighting          004081fb f   gl_model.obj
 0001:000072ec       _Mod_LoadVisibility        004082ec f   gl_model.obj
 0001:00007353       _Mod_LoadEntities          00408353 f   gl_model.obj
 0001:000073ba       _Mod_LoadVertexes          004083ba f   gl_model.obj
 0001:000074ad       _Mod_LoadSubmodels         004084ad f   gl_model.obj
 0001:00007659       _Mod_LoadEdges             00408659 f   gl_model.obj
 0001:0000781d       _Mod_LoadTexinfo           0040881d f   gl_model.obj
 0001:00007a59       _CalcSurfaceExtents        00408a59 f   gl_model.obj
 0001:00007c91       _Mod_LoadFaces             00408c91 f   gl_model.obj
 0001:00007f2b       _Mod_SetParent             00408f2b f   gl_model.obj
 0001:00007f69       _Mod_LoadNodes             00408f69 f   gl_model.obj
 0001:0000817f       _Mod_LoadLeafs             0040917f f   gl_model.obj
 0001:000083b7       _Mod_LoadClipnodes         004093b7 f   gl_model.obj
 0001:00008731       _Mod_MakeHull0             00409731 f   gl_model.obj
 0001:00008860       _Mod_LoadMarksurfaces      00409860 f   gl_model.obj
 0001:00008a5a       _Mod_LoadSurfedges         00409a5a f   gl_model.obj
 0001:00008b11       _Mod_LoadPlanes            00409b11 f   gl_model.obj
 0001:00008c67       _RadiusFromBounds          00409c67 f   gl_model.obj
 0001:00008d19       _Mod_LoadBrushModel        00409d19 f   gl_model.obj
 0001:000091e0       _Mod_LoadAliasFrame        0040a1e0 f   gl_model.obj
 0001:00009295       _Mod_LoadAliasGroup        0040a295 f   gl_model.obj
 0001:0000938c       _Mod_FloodFillSkin         0040a38c f   gl_model.obj
 0001:000097a1       _Mod_LoadAllSkins          0040a7a1 f   gl_model.obj
 0001:00009ab8       _Mod_LoadAliasModel        0040aab8 f   gl_model.obj
 0001:0000a011       _Mod_LoadSpriteFrame       0040b011 f   gl_model.obj
 0001:0000a131       _Mod_LoadSpriteGroup       0040b131 f   gl_model.obj
 0001:0000a251       _Mod_LoadSpriteModel       0040b251 f   gl_model.obj
 0001:0000a477       _Mod_Print                 0040b477 f   gl_model.obj
 0001:0000a4e0       _R_RemoveEfrags            0040b4e0 f   gl_refrag.obj
 0001:0000a573       _R_SplitEntityOnNode       0040b573 f   gl_refrag.obj
 0001:0000a709       _R_AddEfrags               0040b709 f   gl_refrag.obj
 0001:0000a7ce       _R_StoreEfrags             0040b7ce f   gl_refrag.obj
 0001:0000a890       _R_AnimateLight            0040b890 f   gl_rlight.obj
 0001:0000a927       _AddLightBlend             0040b927 f   gl_rlight.obj
 0001:0000a9af       _R_RenderDlight            0040b9af f   gl_rlight.obj
 0001:0000ab60       _R_RenderDlights           0040bb60 f   gl_rlight.obj
 0001:0000ac63       _R_MarkLights              0040bc63 f   gl_rlight.obj
 0001:0000adaf       _R_PushDlights             0040bdaf f   gl_rlight.obj
 0001:0000ae54       _RecursiveLightPoint       0040be54 f   gl_rlight.obj
 0001:0000b221       _R_LightPoint              0040c221 f   gl_rlight.obj
 0001:0000b290       _R_CullBox                 0040c290 f   gl_rmain.obj
 0001:0000b2dd       _R_RotateForEntity         0040c2dd f   gl_rmain.obj
 0001:0000b344       _R_GetSpriteFrame          0040c344 f   gl_rmain.obj
 0001:0000b44c       _R_DrawSpriteModel         0040c44c f   gl_rmain.obj
 0001:0000b649       _GL_DrawAliasFrame         0040c649 f   gl_rmain.obj
 0001:0000b778       _GL_DrawAliasShadow        0040c778 f   gl_rmain.obj
 0001:0000b8d3       _R_SetupAliasFrame         0040c8d3 f   gl_rmain.obj
 0001:0000b971       _R_DrawAliasModel          0040c971 f   gl_rmain.obj
 0001:0000bfd5       _R_DrawEntitiesOnList      0040cfd5 f   gl_rmain.obj
 0001:0000c0bc       _R_DrawViewModel           0040d0bc f   gl_rmain.obj
 0001:0000c2f5       _R_PolyBlend               0040d2f5 f   gl_rmain.obj
 0001:0000c417       _SignbitsForPlane          0040d417 f   gl_rmain.obj
 0001:0000c46d       _R_SetFrustum              0040d46d f   gl_rmain.obj
 0001:0000c6aa       _R_SetupFrame              0040d6aa f   gl_rmain.obj
 0001:0000c777       _MYgluPerspective          0040d777 f   gl_rmain.obj
 0001:0000c7ee       _R_SetupGL                 0040d7ee f   gl_rmain.obj
 0001:0000caca       _R_RenderScene             0040daca f   gl_rmain.obj
 0001:0000cb01       _R_Clear                   0040db01 f   gl_rmain.obj
 0001:0000cc5d       _R_Mirror                  0040dc5d f   gl_rmain.obj
 0001:0000cf7b       _R_RenderView              0040df7b f   gl_rmain.obj
 0001:0000d0a0       _R_InitTextures            0040e0a0 f   gl_rmisc.obj
 0001:0000d1ef       _R_InitParticleTexture     0040e1ef f   gl_rmisc.obj
 0001:0000d36d       _R_Envmap_f                0040e36d f   gl_rmisc.obj
 0001:0000d689       _R_Init                    0040e689 f   gl_rmisc.obj
 0001:0000d837       _R_TranslatePlayerSkin     0040e837 f   gl_rmisc.obj
 0001:0000dfba       _R_NewMap                  0040efba f   gl_rmisc.obj
 0001:0000e12b       _R_TimeRefresh_f           0040f12b f   gl_rmisc.obj
 0001:0000e1ce       _D_FlushCaches             0040f1ce f   gl_rmisc.obj
 0001:0000e1e0       _R_AddDynamicLights        0040f1e0 f   gl_rsurf.obj
 0001:0000e4b6       _R_BuildLightMap           0040f4b6 f   gl_rsurf.obj
 0001:0000e7c1       _R_TextureAnimation        0040f7c1 f   gl_rsurf.obj
 0001:0000e86e       _GL_DisableMultitexture    0040f86e f   gl_rsurf.obj
 0001:0000e89e       _GL_EnableMultitexture     0040f89e f   gl_rsurf.obj
 0001:0000e8ce       _R_DrawSequentialPoly      0040f8ce f   gl_rsurf.obj
 0001:0000ef98       _DrawGLWaterPoly           0040ff98 f   gl_rsurf.obj
 0001:0000f0c8       _DrawGLWaterPolyLightmap   004100c8 f   gl_rsurf.obj
 0001:0000f1f8       _DrawGLPoly                004101f8 f   gl_rsurf.obj
 0001:0000f25f       _R_BlendLightmaps          0041025f f   gl_rsurf.obj
 0001:0000f4fe       _R_RenderBrushPoly         004104fe f   gl_rsurf.obj
 0001:0000f7db       _R_RenderDynamicLightmaps  004107db f   gl_rsurf.obj
 0001:0000fa3a       _R_MirrorChain             00410a3a f   gl_rsurf.obj
 0001:0000fa60       _R_DrawWaterSurfaces       00410a60 f   gl_rsurf.obj
 0001:0000fc44       _DrawTextureChains         00410c44 f   gl_rsurf.obj
 0001:0000fd7c       _R_DrawBrushModel          00410d7c f   gl_rsurf.obj
 0001:0001016e       _R_RecursiveWorldNode      0041116e f   gl_rsurf.obj
 0001:0001047e       _R_DrawWorld               0041147e f   gl_rsurf.obj
 0001:00010529       _R_MarkLeaves              00411529 f   gl_rsurf.obj
 0001:00010692       _AllocBlock                00411692 f   gl_rsurf.obj
 0001:000107cc       _BuildSurfaceDisplayList   004117cc f   gl_rsurf.obj
 0001:00010d79       _GL_CreateSurfaceLightmap  00411d79 f   gl_rsurf.obj
 0001:00010e2c       _GL_BuildLightmaps         00411e2c f   gl_rsurf.obj
 0001:000111a0       _SCR_CenterPrint           004121a0 f   gl_screen.obj
 0001:0001120a       _SCR_DrawCenterString      0041220a f   gl_screen.obj
 0001:0001136b       _SCR_CheckDrawCenterString 0041236b f   gl_screen.obj
 0001:000113cd       _CalcFov                   004123cd f   gl_screen.obj
 0001:0001145c       _SCR_SizeUp_f              0041245c f   gl_screen.obj
 0001:00011488       _SCR_SizeDown_f            00412488 f   gl_screen.obj
 0001:000114b4       _SCR_Init                  004124b4 f   gl_screen.obj
 0001:000115cb       _SCR_DrawRam               004125cb f   gl_screen.obj
 0001:0001160f       _SCR_DrawTurtle            0041260f f   gl_screen.obj
 0001:0001167c       _SCR_DrawNet               0041267c f   gl_screen.obj
 0001:000116c6       _SCR_DrawFPS               004126c6 f   gl_screen.obj
 0001:0001178e       _SCR_DrawUptime            0041278e f   gl_screen.obj
 0001:00011898       _SCR_DrawTime              00412898 f   gl_screen.obj
 0001:00011972       _SCR_DrawPause             00412972 f   gl_screen.obj
 0001:000119d6       _SCR_DrawLoading           004129d6 f   gl_screen.obj
 0001:00011a25       _SCR_SetUpToDrawConsole    00412a25 f   gl_screen.obj
 0001:00011bb4       _SCR_DrawConsole           00412bb4 f   gl_screen.obj
 0001:00011c0f       _SCR_ScreenShot_f          00412c0f f   gl_screen.obj
 0001:00011dff       _SCR_BeginLoadingPlaque    00412dff f   gl_screen.obj
 0001:00011e85       _SCR_EndLoadingPlaque      00412e85 f   gl_screen.obj
 0001:00011ea3       _SCR_DrawNotifyString      00412ea3 f   gl_screen.obj
 0001:00011faa       _SCR_ModalMessage          00412faa f   gl_screen.obj
 0001:00012034       _SCR_BringDownConsole      00413034 f   gl_screen.obj
 0001:00012091       _SCR_TileClear             00413091 f   gl_screen.obj
 0001:0001215d       _SCR_UpdateScreen          0041315d f   gl_screen.obj
 0001:00012650       _VID_HandlePause           00413650 f   gl_vidnt.obj
 0001:00012655       _VID_ForceLockState        00413655 f   gl_vidnt.obj
 0001:0001265a       _VID_LockBuffer            0041365a f   gl_vidnt.obj
 0001:0001265f       _VID_UnlockBuffer          0041365f f   gl_vidnt.obj
 0001:00012664       _VID_ForceUnlockedAndReturnState 00413664 f   gl_vidnt.obj
 0001:0001266b       _D_BeginDirectRect         0041366b f   gl_vidnt.obj
 0001:00012670       _D_EndDirectRect           00413670 f   gl_vidnt.obj
 0001:00012675       _CenterWindow              00413675 f   gl_vidnt.obj
 0001:000126f1       _VID_SetWindowedMode       004136f1 f   gl_vidnt.obj
 0001:00012950       _VID_SetFullDIBMode        00413950 f   gl_vidnt.obj
 0001:00012c16       _VID_SetMode               00413c16 f   gl_vidnt.obj
 0001:00012e41       _VID_UpdateWindowStatus    00413e41 f   gl_vidnt.obj
 0001:00012ead       _CheckTextureExtensions    00413ead f   gl_vidnt.obj
 0001:00012f95       _CheckArrayExtensions      00413f95 f   gl_vidnt.obj
 0001:0001306c       _CheckMultiTextureExtensions 0041406c f   gl_vidnt.obj
 0001:000130d0       _GL_Init                   004140d0 f   gl_vidnt.obj
 0001:0001328b       _GL_BeginRendering         0041428b f   gl_vidnt.obj
 0001:000132c4       _GL_EndRendering           004142c4 f   gl_vidnt.obj
 0001:0001337d       _VID_SetPalette            0041437d f   gl_vidnt.obj
 0001:000135f1       _VID_ShiftPalette          004145f1 f   gl_vidnt.obj
 0001:000135f6       _VID_SetDefaultMode        004145f6 f   gl_vidnt.obj
 0001:00013600       _VID_Shutdown              00414600 f   gl_vidnt.obj
 0001:000136b1       _bSetupPixelFormat         004146b1 f   gl_vidnt.obj
 0001:0001371d       _MapKey                    0041471d f   gl_vidnt.obj
 0001:00013767       _ClearAllStates            00414767 f   gl_vidnt.obj
 0001:000137a4       _AppActivate               004147a4 f   gl_vidnt.obj
 0001:000138e3       _MainWndProc@16            004148e3 f   gl_vidnt.obj
 0001:00013c00       _VID_NumModes              00414c00 f   gl_vidnt.obj
 0001:00013c0a       _VID_GetModePtr            00414c0a f   gl_vidnt.obj
 0001:00013c32       _VID_GetModeDescription    00414c32 f   gl_vidnt.obj
 0001:00013c9d       _VID_GetExtModeDescription 00414c9d f   gl_vidnt.obj
 0001:00013d5c       _VID_DescribeCurrentMode_f 00414d5c f   gl_vidnt.obj
 0001:00013d7d       _VID_NumModes_f            00414d7d f   gl_vidnt.obj
 0001:00013db4       _VID_DescribeMode_f        00414db4 f   gl_vidnt.obj
 0001:00013e09       _VID_DescribeModes_f       00414e09 f   gl_vidnt.obj
 0001:00013e85       _VID_InitDIB               00414e85 f   gl_vidnt.obj
 0001:00014020       _VID_InitFullDIB           00415020 f   gl_vidnt.obj
 0001:0001456d       _VID_Is8bit                0041556d f   gl_vidnt.obj
 0001:00014577       _VID_Init8bitPalette       00415577 f   gl_vidnt.obj
 0001:000146c9       _VID_Init                  004156c9 f   gl_vidnt.obj
 0001:00015182       _VID_MenuDraw              00416182 f   gl_vidnt.obj
 0001:000153a7       _VID_MenuKey               004163a7 f   gl_vidnt.obj
 0001:000153d0       _BoundPoly                 004163d0 f   gl_warp.obj
 0001:0001549f       _SubdividePolygon          0041649f f   gl_warp.obj
 0001:00015ad6       _GL_SubdivideSurface       00416ad6 f   gl_warp.obj
 0001:00015c16       _EmitWaterPolys            00416c16 f   gl_warp.obj
 0001:00015d1c       _EmitSkyPolys              00416d1c f   gl_warp.obj
 0001:00015e4a       _EmitBothSkyLayers         00416e4a f   gl_warp.obj
 0001:00015efa       _R_DrawSkyChain            00416efa f   gl_warp.obj
 0001:00015fdc       _R_InitSky                 00416fdc f   gl_warp.obj
 0001:00016290       _CDAudio_Play              00417290 f   cd_win.obj
 0001:00016576       _CDAudio_Stop              00417576 f   cd_win.obj
 0001:000165d9       _CDAudio_Pause             004175d9 f   cd_win.obj
 0001:0001664b       _CDAudio_Resume            0041764b f   cd_win.obj
 0001:00016717       _CDAudio_MessageHandler    00417717 f   cd_win.obj
 0001:000167e0       _CDAudio_Update            004177e0 f   cd_win.obj
 0001:00016859       _CDAudio_Init              00417859 f   cd_win.obj
 0001:00016dca       _CDAudio_Shutdown          00417dca f   cd_win.obj
 0001:00016e10       _CFG_ReadCvars             00417e10 f   cfgfile.obj
 0001:0001708a       _CFG_ReadCvarOverrides     0041808a f   cfgfile.obj
 0001:0001714a       _CFG_CloseConfig           0041814a f   cfgfile.obj
 0001:00017170       _CFG_OpenConfig            00418170 f   cfgfile.obj
 0001:000171a0       _Chase_Init                004181a0 f   chase.obj
 0001:000171d9       _Chase_Reset               004181d9 f   chase.obj
 0001:000171de       _TraceLine                 004181de f   chase.obj
 0001:0001723c       _Chase_Update              0041823c f   chase.obj
 0001:00017390       _CL_StopPlayback           00418390 f   cl_demo.obj
 0001:000173da       _CL_WriteDemoMessage       004183da f   cl_demo.obj
 0001:00017481       _CL_GetMessage             00418481 f   cl_demo.obj
 0001:00017652       _CL_Stop_f                 00418652 f   cl_demo.obj
 0001:000176ca       _CL_Record_f               004186ca f   cl_demo.obj
 0001:0001787e       _CL_PlayDemo_f             0041887e f   cl_demo.obj
 0001:00017a92       _CL_FinishTimeDemo         00418a92 f   cl_demo.obj
 0001:00017b00       _CL_TimeDemo_f             00418b00 f   cl_demo.obj
 0001:00017b60       _KeyDown                   00418b60 f   cl_input.obj
 0001:00017c03       _KeyUp                     00418c03 f   cl_input.obj
 0001:00017cc2       _IN_KLookDown              00418cc2 f   cl_input.obj
 0001:00017cd4       _IN_KLookUp                00418cd4 f   cl_input.obj
 0001:00017ce6       _IN_MLookDown              00418ce6 f   cl_input.obj
 0001:00017cf8       _IN_MLookUp                00418cf8 f   cl_input.obj
 0001:00017d54       _IN_UpDown                 00418d54 f   cl_input.obj
 0001:00017d66       _IN_UpUp                   00418d66 f   cl_input.obj
 0001:00017d78       _IN_DownDown               00418d78 f   cl_input.obj
 0001:00017d8a       _IN_DownUp                 00418d8a f   cl_input.obj
 0001:00017d9c       _IN_LeftDown               00418d9c f   cl_input.obj
 0001:00017dae       _IN_LeftUp                 00418dae f   cl_input.obj
 0001:00017dc0       _IN_RightDown              00418dc0 f   cl_input.obj
 0001:00017dd2       _IN_RightUp                00418dd2 f   cl_input.obj
 0001:00017de4       _IN_ForwardDown            00418de4 f   cl_input.obj
 0001:00017df6       _IN_ForwardUp              00418df6 f   cl_input.obj
 0001:00017e08       _IN_BackDown               00418e08 f   cl_input.obj
 0001:00017e1a       _IN_BackUp                 00418e1a f   cl_input.obj
 0001:00017e2c       _IN_LookupDown             00418e2c f   cl_input.obj
 0001:00017e3e       _IN_LookupUp               00418e3e f   cl_input.obj
 0001:00017e50       _IN_LookdownDown           00418e50 f   cl_input.obj
 0001:00017e62       _IN_LookdownUp             00418e62 f   cl_input.obj
 0001:00017e74       _IN_MoveleftDown           00418e74 f   cl_input.obj
 0001:00017e86       _IN_MoveleftUp             00418e86 f   cl_input.obj
 0001:00017e98       _IN_MoverightDown          00418e98 f   cl_input.obj
 0001:00017eaa       _IN_MoverightUp            00418eaa f   cl_input.obj
 0001:00017ebc       _IN_SpeedDown              00418ebc f   cl_input.obj
 0001:00017ece       _IN_SpeedUp                00418ece f   cl_input.obj
 0001:00017ee0       _IN_StrafeDown             00418ee0 f   cl_input.obj
 0001:00017ef2       _IN_StrafeUp               00418ef2 f   cl_input.obj
 0001:00017f04       _IN_AttackDown             00418f04 f   cl_input.obj
 0001:00017f16       _IN_AttackUp               00418f16 f   cl_input.obj
 0001:00017f28       _IN_UseDown                00418f28 f   cl_input.obj
 0001:00017f3a       _IN_UseUp                  00418f3a f   cl_input.obj
 0001:00017f4c       _IN_JumpDown               00418f4c f   cl_input.obj
 0001:00017f5e       _IN_JumpUp                 00418f5e f   cl_input.obj
 0001:00017f70       _IN_Impulse                00418f70 f   cl_input.obj
 0001:00017f8d       _CL_KeyState               00418f8d f   cl_input.obj
 0001:0001805c       _CL_AdjustAngles           0041905c f   cl_input.obj
 0001:00018297       _CL_BaseMove               00419297 f   cl_input.obj
 0001:0001843c       _CL_SendMove               0041943c f   cl_input.obj
 0001:00018622       _CL_InitInput              00419622 f   cl_input.obj
 0001:000188b0       _CL_ClearState             004198b0 f   cl_main.obj
 0001:00018a1a       _CL_Disconnect             00419a1a f   cl_main.obj
 0001:00018af8       _CL_Disconnect_f           00419af8 f   cl_main.obj
 0001:00018b2b       _CL_EstablishConnection    00419b2b f   cl_main.obj
 0001:00018ba3       _CL_SignonReply            00419ba3 f   cl_main.obj
 0001:00018d1d       _CL_NextDemo               00419d1d f   cl_main.obj
 0001:00018e09       _CL_PrintEntities_f        00419e09 f   cl_main.obj
 0001:00018ee2       _CL_AllocDlight            00419ee2 f   cl_main.obj
 0001:00019020       _CL_DecayLights            0041a020 f   cl_main.obj
 0001:000190bd       _CL_LerpPoint              0041a0bd f   cl_main.obj
 0001:000191e2       _CL_RelinkEntities         0041a1e2 f   cl_main.obj
 0001:000198ed       _CL_ReadFromServer         0041a8ed f   cl_main.obj
 0001:0001998c       _CL_SendCmd                0041a98c f   cl_main.obj
 0001:00019a4a       _CL_Flashlight_f           0041aa4a f   cl_main.obj
 0001:00019a88       _CL_WriteConfig_f          0041aa88 f   cl_main.obj
 0001:00019b0f       _CL_Init                   0041ab0f f   cl_main.obj
 0001:00019da4       _GameSpy_Async_Think       0041ada4 f   cl_main.obj
 0001:0001a0c1       _CL_PingNetServers_f       0041b0c1 f   cl_main.obj
 0001:0001a710       _SHOWLMP_Decodeshow        0041b710 f   cl_parse.obj
 0001:0001a770       _Fog_ParseServerMessage    0041b770 f   cl_parse.obj
 0001:0001a775       _Sky_LoadSkyBox            0041b775 f   cl_parse.obj
 0001:0001a77a       _CL_EntityNum              0041b77a f   cl_parse.obj
 0001:0001a808       _CL_ParseStartSoundPacket  0041b808 f   cl_parse.obj
 0001:0001a94c       _CL_KeepaliveMessage       0041b94c f   cl_parse.obj
 0001:0001aa8b       _CL_ParseServerInfo        0041ba8b f   cl_parse.obj
 0001:0001ae0a       _CL_ParseUpdate            0041be0a f   cl_parse.obj
 0001:0001b6ab       _CL_ParseBaseline          0041c6ab f   cl_parse.obj
 0001:0001b792       _CL_ParseClientdata        0041c792 f   cl_parse.obj
 0001:0001bc17       _CL_NewTranslation         0041cc17 f   cl_parse.obj
 0001:0001bd95       _CL_ParseStatic            0041cd95 f   cl_parse.obj
 0001:0001beab       _CL_ParseStaticSound       0041ceab f   cl_parse.obj
 0001:0001bf28       _CL_ParseServerMessage     0041cf28 f   cl_parse.obj
 0001:0001c867       _CL_MaliciousStuffText     0041d867 f   cl_parse.obj
 0001:0001c8f8       _CL_PlayBackgroundTrack    0041d8f8 f   cl_parse.obj
 0001:0001ca00       _CL_InitTEnts              0041da00 f   cl_tent.obj
 0001:0001ca83       _CL_ParseBeam              0041da83 f   cl_tent.obj
 0001:0001cc0d       _CL_ParseTEnt              0041dc0d f   cl_tent.obj
 0001:0001d264       _CL_NewTempEntity          0041e264 f   cl_tent.obj
 0001:0001d2f1       _CL_UpdateTEnts            0041e2f1 f   cl_tent.obj
 0001:0001d5f0       _Cmd_Wait_f                0041e5f0 f   cmd.obj
 0001:0001d5ff       _Cbuf_Init                 0041e5ff f   cmd.obj
 0001:0001d616       _Cbuf_AddText              0041e616 f   cmd.obj
 0001:0001d66b       _Cbuf_InsertText           0041e66b f   cmd.obj
 0001:0001d705       _Cbuf_Execute              0041e705 f   cmd.obj
 0001:0001d86e       _Cmd_StuffCmds_f           0041e86e f   cmd.obj
 0001:0001d9a6       _Cmd_Exec_f                0041e9a6 f   cmd.obj
 0001:0001da79       _Cmd_Echo_f                0041ea79 f   cmd.obj
 0001:0001dac6       _CopyString                0041eac6 f   cmd.obj
 0001:0001dafc       _Cmd_Alias_f               0041eafc f   cmd.obj
 0001:0001dd2c       _Cmd_Unalias_f             0041ed2c f   cmd.obj
 0001:0001ddc4       _Cmd_Unaliasall_f          0041edc4 f   cmd.obj
 0001:0001de0b       _Cmd_List_f                0041ee0b f   cmd.obj
 0001:0001dee2       _Cmd_Init                  0041eee2 f   cmd.obj
 0001:0001df89       _Cmd_Argc                  0041ef89 f   cmd.obj
 0001:0001df93       _Cmd_Argv                  0041ef93 f   cmd.obj
 0001:0001dfb4       _Cmd_Args                  0041efb4 f   cmd.obj
 0001:0001dfbe       _Cmd_TokenizeString        0041efbe f   cmd.obj
 0001:0001e0f3       _Cmd_AddCommand            0041f0f3 f   cmd.obj
 0001:0001e1ad       _Cmd_Exists                0041f1ad f   cmd.obj
 0001:0001e1ef       _Cmd_CompleteCommand       0041f1ef f   cmd.obj
 0001:0001e309       _Cmd_ExecuteString         0041f309 f   cmd.obj
 0001:0001e433       _Cmd_ForwardToServer       0041f433 f   cmd.obj
 0001:0001e4f2       _Cmd_CheckParm             0041f4f2 f   cmd.obj
 0001:0001e54f       _Sort_Possible_Cmds        0041f54f f   cmd.obj
 0001:0001e812       _Sort_Possible_Strtolower  0041f812 f   cmd.obj
 0001:0001e890       _ClearLink                 0041f890 f   common.obj
 0001:0001e8a6       _RemoveLink                0041f8a6 f   common.obj
 0001:0001e8c6       _InsertLinkBefore          0041f8c6 f   common.obj
 0001:0001e8f4       _InsertLinkAfter           0041f8f4 f   common.obj
 0001:0001e923       _Q_memset                  0041f923 f   common.obj
 0001:0001e9b0       _Q_memcpy                  0041f9b0 f   common.obj
 0001:0001ea2f       _Q_memcmp                  0041fa2f f   common.obj
 0001:0001ea64       _Q_strcpy                  0041fa64 f   common.obj
 0001:0001eaa0       _Q_strncpy                 0041faa0 f   common.obj
 0001:0001eaf2       _Q_strlen                  0041faf2 f   common.obj
 0001:0001eb1c       _Q_strrchr                 0041fb1c f   common.obj
 0001:0001eb6c       _Q_strcat                  0041fb6c f   common.obj
 0001:0001eb95       _Q_strcmp                  0041fb95 f   common.obj
 0001:0001ebdd       _Q_strncmp                 0041fbdd f   common.obj
 0001:0001ec39       _Q_strncasecmp             0041fc39 f   common.obj
 0001:0001ecd9       _Q_strcasecmp              0041fcd9 f   common.obj
 0001:0001ecf3       _Q_atoi                    0041fcf3 f   common.obj
 0001:0001ee3a       _Q_atof                    0041fe3a f   common.obj
 0001:0001f012       _Q_strlcpy                 00420012 f   common.obj
 0001:0001f09d       _Q_strlcat                 0042009d f   common.obj
 0001:0001f151       _Q_toupper                 00420151 f   common.obj
 0001:0001f16e       _Q_tolower                 0042016e f   common.obj
 0001:0001f18b       _ShortSwap                 0042018b f   common.obj
 0001:0001f1c7       _ShortNoSwap               004201c7 f   common.obj
 0001:0001f1d0       _LongSwap                  004201d0 f   common.obj
 0001:0001f243       _LongNoSwap                00420243 f   common.obj
 0001:0001f24b       _FloatSwap                 0042024b f   common.obj
 0001:0001f276       _FloatNoSwap               00420276 f   common.obj
 0001:0001f27e       _MSG_WriteChar             0042027e f   common.obj
 0001:0001f29f       _MSG_WriteByte             0042029f f   common.obj
 0001:0001f2c0       _MSG_WriteShort            004202c0 f   common.obj
 0001:0001f2f3       _MSG_WriteLong             004202f3 f   common.obj
 0001:0001f349       _MSG_WriteFloat            00420349 f   common.obj
 0001:0001f379       _MSG_WriteString           00420379 f   common.obj
 0001:0001f3b9       _MSG_WriteCoord16          004203b9 f   common.obj
 0001:0001f417       _MSG_WriteCoord24          00420417 f   common.obj
 0001:0001f454       _MSG_WriteCoord32f         00420454 f   common.obj
 0001:0001f469       _MSG_WriteCoord            00420469 f   common.obj
 0001:0001f47e       _MSG_WriteAngle            0042047e f   common.obj
 0001:0001f4f3       _MSG_WriteAngle16          004204f3 f   common.obj
 0001:0001f568       _MSG_BeginReading          00420568 f   common.obj
 0001:0001f581       _MSG_ReadChar              00420581 f   common.obj
 0001:0001f5ca       _MSG_ReadByte              004205ca f   common.obj
 0001:0001f614       _MSG_ReadShort             00420614 f   common.obj
 0001:0001f676       _MSG_ReadLong              00420676 f   common.obj
 0001:0001f701       _MSG_ReadFloat             00420701 f   common.obj
 0001:0001f770       _MSG_ReadString            00420770 f   common.obj
 0001:0001f7c4       _MSG_ReadCoord16           004207c4 f   common.obj
 0001:0001f7e2       _MSG_ReadCoord24           004207e2 f   common.obj
 0001:0001f811       _MSG_ReadCoord32f          00420811 f   common.obj
 0001:0001f81b       _MSG_ReadCoord             0042081b f   common.obj
 0001:0001f825       _MSG_ReadAngle             00420825 f   common.obj
 0001:0001f843       _MSG_ReadAngle16           00420843 f   common.obj
 0001:0001f861       _SZ_Alloc                  00420861 f   common.obj
 0001:0001f8a0       _SZ_Free                   004208a0 f   common.obj
 0001:0001f8af       _SZ_Clear                  004208af f   common.obj
 0001:0001f8be       _SZ_GetSpace               004208be f   common.obj
 0001:0001f94c       _SZ_Write                  0042094c f   common.obj
 0001:0001f972       _SZ_Print                  00420972 f   common.obj
 0001:0001f9ec       _COM_SkipPath              004209ec f   common.obj
 0001:0001fa26       _COM_StripExtension        00420a26 f   common.obj
 0001:0001fa64       _COM_FileExtension         00420a64 f   common.obj
 0001:0001faf0       _COM_FileBase              00420af0 f   common.obj
 0001:0001fbb7       _COM_FilePath              00420bb7 f   common.obj
 0001:0001fc29       _COM_DefaultExtension      00420c29 f   common.obj
 0001:0001fc82       _COM_Parse                 00420c82 f   common.obj
 0001:0001fe71       _COM_CheckParm             00420e71 f   common.obj
 0001:0001fecc       _COM_CheckRegistered       00420ecc f   common.obj
 0001:0001fff8       _COM_InitArgv              00420ff8 f   common.obj
 0001:0002025c       _COM_Init                  0042125c f   common.obj
 0001:00020469       _va                        00421469 f   common.obj
 0001:000204b0       _nva                       004214b0 f   common.obj
 0001:000204ef       _memsearch                 004214ef f   common.obj
 0001:0002052a       _COM_ListFiles             0042152a f   common.obj
 0001:00020673       _COM_NextPath              00421673 f   common.obj
 0001:000206d2       _COM_FreeFileList          004216d2 f   common.obj
 0001:00020733       _COM_ItemInList            00421733 f   common.obj
 0001:00020798       _COM_Path_f                00421798 f   common.obj
 0001:00020811       _COM_WriteFile             00421811 f   common.obj
 0001:000208af       _COM_CreatePath            004218af f   common.obj
 0001:000208fa       _COM_CopyFile              004218fa f   common.obj
 0001:000209db       _COM_FindFile              004219db f   common.obj
 0001:00020ddf       _COM_OpenFile              00421ddf f   common.obj
 0001:00020df6       _COM_FOpenFile             00421df6 f   common.obj
 0001:00020e0d       _COM_CloseFile             00421e0d f   common.obj
 0001:00020e61       _COM_LoadFile              00421e61 f   common.obj
 0001:00020fa9       _COM_LoadHunkFile          00421fa9 f   common.obj
 0001:00020fbc       _COM_LoadTempFile          00421fbc f   common.obj
 0001:00020fcf       _COM_LoadCacheFile         00421fcf f   common.obj
 0001:00020fea       _COM_LoadStackFile         00421fea f   common.obj
 0001:00021017       _COM_LoadPackFile          00422017 f   common.obj
 0001:00021321       _COM_Dir_f                 00422321 f   common.obj
 0001:000214f8       _COM_AddGameDirectory      004224f8 f   common.obj
 0001:00021600       _COM_InitFilesystem        00422600 f   common.obj
 0001:00021afa       _strtok_r                  00422afa f   common.obj
 0001:00021bd7       _Com_sprintf               00422bd7 f   common.obj
 0001:00021c3c       _Com_strcpy                00422c3c f   common.obj
 0001:00021cb0       _InitConProc               00422cb0 f   conproc.obj
 0001:00021d7a       _DeinitConProc             00422d7a f   conproc.obj
 0001:00021d94       _RequestProc               00422d94 f   conproc.obj
 0001:00021ec4       _GetMappedBuffer           00422ec4 f   conproc.obj
 0001:00021ee4       _ReleaseMappedBuffer       00422ee4 f   conproc.obj
 0001:00021ef3       _GetScreenBufferLines      00422ef3 f   conproc.obj
 0001:00021f23       _SetScreenBufferLines      00422f23 f   conproc.obj
 0001:00021f3d       _ReadText                  00422f3d f   conproc.obj
 0001:00021f90       _WriteText                 00422f90 f   conproc.obj
 0001:0002209e       _CharToCode                0042309e f   conproc.obj
 0001:0002215e       _SetConsoleCXCY            0042315e f   conproc.obj
 0001:00022320       _Con_Quakebar              00423320 f   console.obj
 0001:000223d1       _Con_ToggleConsole_f       004233d1 f   console.obj
 0001:00022434       _Con_Clear_f               00423434 f   console.obj
 0001:00022457       _Con_ClearNotify           00423457 f   console.obj
 0001:00022487       _Con_MessageMode_f         00423487 f   console.obj
 0001:000224a0       _Con_MessageMode2_f        004234a0 f   console.obj
 0001:000224b9       _Con_CheckResize           004234b9 f   console.obj
 0001:00022645       _Con_Init                  00423645 f   console.obj
 0001:00022798       _Con_Linefeed              00423798 f   console.obj
 0001:000227e0       _Con_Print                 004237e0 f   console.obj
 0001:00022998       _Con_DebugLog              00423998 f   console.obj
 0001:00022a26       _Con_Printf                00423a26 f   console.obj
 0001:00022b51       _Con_Warning               00423b51 f   console.obj
 0001:00022bb3       _Con_DPrintf               00423bb3 f   console.obj
 0001:00022c54       _Con_CenterPrintf          00423c54 f   console.obj
 0001:00022dfb       _Con_LogCenterPrint        00423dfb f   console.obj
 0001:00022e90       _Con_DrawInput             00423e90 f   console.obj
 0001:00022f91       _Con_DrawNotify            00423f91 f   console.obj
 0001:00023154       _Con_DrawConsole           00424154 f   console.obj
 0001:000235a5       _Con_NotifyBox             004245a5 f   console.obj
 0001:00023653       _Con_SafePrintf            00424653 f   console.obj
 0001:000236d0       _CRC_Init                  004246d0 f   crc.obj
 0001:000236dd       _CRC_ProcessByte           004246dd f   crc.obj
 0001:00023715       _CRC_Value                 00424715 f   crc.obj
 0001:0002371e       _CRC_Block                 0042471e f   crc.obj
 0001:00023790       _Cvar_List_f               00424790 f   cvar.obj
 0001:000238ae       _Cvar_FindVar              004248ae f   cvar.obj
 0001:000238ee       _Cvar_VariableValue        004248ee f   cvar.obj
 0001:00023922       _Cvar_VariableString       00424922 f   cvar.obj
 0001:0002394c       _Cvar_CompleteVariable     0042494c f   cvar.obj
 0001:000239ae       _Cvar_Set                  004249ae f   cvar.obj
 0001:00023b1b       _Cvar_SetValue             00424b1b f   cvar.obj
 0001:00023b9a       _Cvar_RegisterVariable     00424b9a f   cvar.obj
 0001:00023ca5       _Cvar_Command              00424ca5 f   cvar.obj
 0001:00023dbd       _Cvar_WriteVariables       00424dbd f   cvar.obj
 0001:00023e07       _Cvar_Init                 00424e07 f   cvar.obj
 0001:00023e1e       _Cvar_Set_Description      00424e1e f   cvar.obj
 0001:00023e59       _Cvar_ParseDeveloperFlags  00424e59 f   cvar.obj
 0001:00024030       _strnlen                   00425030 f   dstring.obj
 0001:0002409d       _dstring_new               0042509d f   dstring.obj
 0001:000240af       _dstring_delete            004250af f   dstring.obj
 0001:000240f0       _dstring_reserve           004250f0 f   dstring.obj
 0001:0002411f       _dstring_copy              0042511f f   dstring.obj
 0001:00024150       _dstring_append            00425150 f   dstring.obj
 0001:00024196       _dstring_insert            00425196 f   dstring.obj
 0001:00024216       _dstring_snip              00425216 f   dstring.obj
 0001:00024298       _dstring_clear             00425298 f   dstring.obj
 0001:000242b3       _dstring_replace           004252b3 f   dstring.obj
 0001:000243ba       _dstring_freeze            004253ba f   dstring.obj
 0001:00024402       _dstring_newstr            00425402 f   dstring.obj
 0001:00024414       _dstring_strdup            00425414 f   dstring.obj
 0001:00024437       _dstring_reservestr        00425437 f   dstring.obj
 0001:0002448e       _dstring_copystr           0042548e f   dstring.obj
 0001:000244c7       _dstring_copysubstr        004254c7 f   dstring.obj
 0001:0002451b       _dstring_appendstr         0042551b f   dstring.obj
 0001:0002457f       _dstring_appendsubstr      0042557f f   dstring.obj
 0001:000245f9       _dstring_insertstr         004255f9 f   dstring.obj
 0001:0002461f       _dstring_insertsubstr      0042561f f   dstring.obj
 0001:0002464f       _dstring_clearstr          0042564f f   dstring.obj
 0001:00024673       _dvsprintf                 00425673 f   dstring.obj
 0001:0002474d       _dsprintf                  0042574d f   dstring.obj
 0001:00024780       _davsprintf                00425780 f   dstring.obj
 0001:000247bc       _dasprintf                 004257bc f   dstring.obj
 0001:00024810       __dstring_new              00425810 f i dstring.obj
 0001:00024850       _dstring_adjust            00425850 f i dstring.obj
 0001:000248c0       __dstring_newstr           004258c0 f i dstring.obj
 0001:00024920       _Max_Edicts_f              00425920 f   host.obj
 0001:00024963       _Host_EndGame              00425963 f   host.obj
 0001:00024a0d       _Host_Error                00425a0d f   host.obj
 0001:00024ae8       _Host_FindMaxClients       00425ae8 f   host.obj
 0001:00024c4b       _Host_InitLocal            00425c4b f   host.obj
 0001:00024d72       _Host_WriteConfiguration   00425d72 f   host.obj
 0001:00024e51       _SV_ClientPrintf           00425e51 f   host.obj
 0001:00024ebf       _SV_BroadcastPrintf        00425ebf f   host.obj
 0001:00024f8f       _Host_ClientCommands       00425f8f f   host.obj
 0001:00024ffd       _SV_DropClient             00425ffd f   host.obj
 0001:00025238       _Host_ShutdownServer       00426238 f   host.obj
 0001:0002541d       _Host_ClearMemory          0042641d f   host.obj
 0001:00025487       _Host_FilterTime           00426487 f   host.obj
 0001:0002561c       _Host_GetConsoleCommands   0042661c f   host.obj
 0001:0002564b       _Host_ServerFrame          0042664b f   host.obj
 0001:00025695       __Host_Frame               00426695 f   host.obj
 0001:00025872       _Host_Frame                00426872 f   host.obj
 0001:0002597b       _Host_Init                 0042697b f   host.obj
 0001:00025bcc       _Host_Shutdown             00426bcc f   host.obj
 0001:00025c30       _Host_Quit_f               00426c30 f   host_cmd.obj
 0001:00025c59       _Host_Fast_Quit_f          00426c59 f   host_cmd.obj
 0001:00025c79       _KillGameDir               00426c79 f   host_cmd.obj
 0001:00025d16       _NumGames                  00426d16 f   host_cmd.obj
 0001:00025d4f       _Host_Game_f               00426d4f f   host_cmd.obj
 0001:00025fe2       _ExtraMaps_Add             00426fe2 f   host_cmd.obj
 0001:000260c8       _ExtraMaps_Init            004270c8 f   host_cmd.obj
 0001:00026273       _ExtraMaps_Clear           00427273 f   host_cmd.obj
 0001:000262a8       _ExtraMaps_NewGame         004272a8 f   host_cmd.obj
 0001:000262b7       _Host_Maps_f               004272b7 f   host_cmd.obj
 0001:00026323       _Modlist_Add               00427323 f   host_cmd.obj
 0001:00026421       _Modlist_Init              00427421 f   host_cmd.obj
 0001:00026558       _Host_Mods_f               00427558 f   host_cmd.obj
 0001:000265c7       _Host_Mapname_f            004275c7 f   host_cmd.obj
 0001:00026642       _Host_Status_f             00427642 f   host_cmd.obj
 0001:00026803       _Host_God_f                00427803 f   host_cmd.obj
 0001:00026948       _Host_Notarget_f           00427948 f   host_cmd.obj
 0001:00026a91       _Host_Noclip_f             00427a91 f   host_cmd.obj
 0001:00026bcb       _Host_Fly_f                00427bcb f   host_cmd.obj
 0001:00026cdd       _Host_Ping_f               00427cdd f   host_cmd.obj
 0001:00026dad       _Host_Map_f                00427dad f   host_cmd.obj
 0001:00026f4e       _Host_Changelevel_f        00427f4e f   host_cmd.obj
 0001:0002702c       _Host_Restart_f            0042802c f   host_cmd.obj
 0001:0002708c       _Host_Reconnect_f          0042808c f   host_cmd.obj
 0001:000270ab       _Host_Connect_f            004280ab f   host_cmd.obj
 0001:000271b4       _Host_SavegameComment      004281b4 f   host_cmd.obj
 0001:00027298       _Host_Savegame_f           00428298 f   host_cmd.obj
 0001:000275bd       _Host_Loadgame_f           004285bd f   host_cmd.obj
 0001:00027adb       _Host_Name_f               00428adb f   host_cmd.obj
 0001:00027c63       _Host_Version_f            00428c63 f   host_cmd.obj
 0001:00027c8c       _Host_Say                  00428c8c f   host_cmd.obj
 0001:00027e62       _Host_Say_f                00428e62 f   host_cmd.obj
 0001:00027e71       _Host_Say_Team_f           00428e71 f   host_cmd.obj
 0001:00027e80       _Host_Tell_f               00428e80 f   host_cmd.obj
 0001:00027fe8       _Host_Color_f              00428fe8 f   host_cmd.obj
 0001:00028169       _Host_Kill_f               00429169 f   host_cmd.obj
 0001:000281dd       _Host_Pause_f              004291dd f   host_cmd.obj
 0001:00028291       _Host_PreSpawn_f           00429291 f   host_cmd.obj
 0001:0002831b       _Host_Spawn_f              0042931b f   host_cmd.obj
 0001:00028861       _Host_Begin_f              00429861 f   host_cmd.obj
 0001:0002888a       _Host_Kick_f               0042988a f   host_cmd.obj
 0001:00028af6       _Host_Give_f               00429af6 f   host_cmd.obj
 0001:000292d5       _FindViewthing             0042a2d5 f   host_cmd.obj
 0001:00029342       _Host_Viewmodel_f          0042a342 f   host_cmd.obj
 0001:000293b9       _Host_Viewframe_f          0042a3b9 f   host_cmd.obj
 0001:00029424       _PrintFrameName            0042a424 f   host_cmd.obj
 0001:00029470       _Host_Viewnext_f           0042a470 f   host_cmd.obj
 0001:00029503       _Host_Viewprev_f           0042a503 f   host_cmd.obj
 0001:0002958b       _Host_Startdemos_f         0042a58b f   host_cmd.obj
 0001:000296bb       _Host_Demos_f              0042a6bb f   host_cmd.obj
 0001:0002971d       _Host_Stopdemo_f           0042a71d f   host_cmd.obj
 0001:00029742       _Host_InitCommands         0042a742 f   host_cmd.obj
 0001:00029a30       _Force_CenterView_f        0042aa30 f   in_win.obj
 0001:00029a3f       _IN_UpdateClipCursor       0042aa3f f   in_win.obj
 0001:00029a6a       _IN_ShowMouse              0042aa6a f   in_win.obj
 0001:00029a8a       _IN_HideMouse              0042aa8a f   in_win.obj
 0001:00029aaa       _IN_ActivateMouse          0042aaaa f   in_win.obj
 0001:00029b56       _IN_SetQuakeMouseState     0042ab56 f   in_win.obj
 0001:00029b69       _IN_DeactivateMouse        0042ab69 f   in_win.obj
 0001:00029beb       _IN_RestoreOriginalMouseState 0042abeb f   in_win.obj
 0001:00029c18       _IN_InitDInput             0042ac18 f   in_win.obj
 0001:00029db5       _IN_StartupMouse           0042adb5 f   in_win.obj
 0001:00029ed8       _IN_Init                   0042aed8 f   in_win.obj
 0001:0002a01f       _IN_Shutdown               0042b01f f   in_win.obj
 0001:0002a076       _IN_MouseEvent             0042b076 f   in_win.obj
 0001:0002a13b       _IN_MouseMove              0042b13b f   in_win.obj
 0001:0002a652       _IN_Move                   0042b652 f   in_win.obj
 0001:0002a681       _IN_Accumulate             0042b681 f   in_win.obj
 0001:0002a6ed       _IN_ClearStates            0042b6ed f   in_win.obj
 0001:0002a719       _IN_StartupJoystick        0042b719 f   in_win.obj
 0001:0002a88f       _RawValuePointer           0042b88f f   in_win.obj
 0001:0002a8f1       _Joy_AdvancedUpdate_f      0042b8f1 f   in_win.obj
 0001:0002aac5       _IN_Commands               0042bac5 f   in_win.obj
 0001:0002acbf       _IN_ReadJoystick           0042bcbf f   in_win.obj
 0001:0002ad2a       _IN_JoyMove                0042bd2a f   in_win.obj
 0001:0002b1d0       _Key_Console               0042c1d0 f   keys.obj
 0001:0002b684       _Key_Message               0042c684 f   keys.obj
 0001:0002b8fa       _Key_StringToKeynum        0042c8fa f   keys.obj
 0001:0002b967       _Key_KeynumToString        0042c967 f   keys.obj
 0001:0002b9d1       _Key_SetBinding            0042c9d1 f   keys.obj
 0001:0002ba58       _Key_Unbind_f              0042ca58 f   keys.obj
 0001:0002bac0       _Key_Unbindall_f           0042cac0 f   keys.obj
 0001:0002bb37       _Key_Bind_f                0042cb37 f   keys.obj
 0001:0002bc61       _Key_WriteBindings         0042cc61 f   keys.obj
 0001:0002bccd       _Key_Init                  0042cccd f   keys.obj
 0001:0002c019       _Key_Event                 0042d019 f   keys.obj
 0001:0002c3e8       _Key_ClearStates           0042d3e8 f   keys.obj
 0001:0002c430       _ProjectPointOnPlane       0042d430 f   mathlib.obj
 0001:0002c4ec       _PerpendicularVector       0042d4ec f   mathlib.obj
 0001:0002c5a1       _RotatePointAroundVector   0042d5a1 f   mathlib.obj
 0001:0002c7a8       _anglemod                  0042d7a8 f   mathlib.obj
 0001:0002c7d2       _BOPS_Error                0042d7d2 f   mathlib.obj
 0001:0002c7e4       _VectorAngles              0042d7e4 f   mathlib.obj
 0001:0002c86b       _AngleVectors              0042d86b f   mathlib.obj
 0001:0002c9ce       _VectorCompare             0042d9ce f   mathlib.obj
 0001:0002ca14       _VectorMA                  0042da14 f   mathlib.obj
 0001:0002ca55       __DotProduct               0042da55 f   mathlib.obj
 0001:0002ca80       __VectorSubtract           0042da80 f   mathlib.obj
 0001:0002cab8       __VectorAdd                0042dab8 f   mathlib.obj
 0001:0002caf0       __VectorCopy               0042daf0 f   mathlib.obj
 0001:0002cb17       _CrossProduct              0042db17 f   mathlib.obj
 0001:0002cb77       _Length                    0042db77 f   mathlib.obj
 0001:0002cbd0       _VectorNormalize           0042dbd0 f   mathlib.obj
 0001:0002cc5b       _VectorInverse             0042dc5b f   mathlib.obj
 0001:0002cc88       _VectorScale               0042dc88 f   mathlib.obj
 0001:0002ccb8       _Q_log2                    0042dcb8 f   mathlib.obj
 0001:0002cce3       _R_ConcatRotations         0042dce3 f   mathlib.obj
 0001:0002ce7f       _R_ConcatTransforms        0042de7f f   mathlib.obj
 0001:0002d0b6       _FloorDivMod               0042e0b6 f   mathlib.obj
 0001:0002d1a8       _GreatestCommonDivisor     0042e1a8 f   mathlib.obj
 0001:0002d200       _M_DrawCharacter           0042e200 f   menu.obj
 0001:0002d229       _M_Print                   0042e229 f   menu.obj
 0001:0002d268       _M_PrintWhite              0042e268 f   menu.obj
 0001:0002d2a2       _M_DrawTransPic            0042e2a2 f   menu.obj
 0001:0002d2cb       _M_DrawPic                 0042e2cb f   menu.obj
 0001:0002d2f4       _M_BuildTranslationTable   0042e2f4 f   menu.obj
 0001:0002d3f4       _M_DrawTransPicTranslate   0042e3f4 f   menu.obj
 0001:0002d422       _M_DrawTextBox             0042e422 f   menu.obj
 0001:0002d640       _M_ToggleMenu_f            0042e640 f   menu.obj
 0001:0002d693       _M_Menu_Demos_f            0042e693 f   menu.obj
 0001:0002d6b6       _M_Menu_Main_f             0042e6b6 f   menu.obj
 0001:0002d709       _M_Main_Draw               0042e709 f   menu.obj
 0001:0002d7c5       _M_Main_Key                0042e7c5 f   menu.obj
 0001:0002db07       _M_Menu_SinglePlayer_f     0042eb07 f   menu.obj
 0001:0002db2a       _M_SinglePlayer_Draw       0042eb2a f   menu.obj
 0001:0002dbe6       _M_SinglePlayer_Key        0042ebe6 f   menu.obj
 0001:0002ddb8       _M_ScanSaves               0042edb8 f   menu.obj
 0001:0002def5       _M_Menu_Load_f             0042eef5 f   menu.obj
 0001:0002df1d       _M_Menu_Save_f             0042ef1d f   menu.obj
 0001:0002df66       _M_Load_Draw               0042ef66 f   menu.obj
 0001:0002e008       _M_Save_Draw               0042f008 f   menu.obj
 0001:0002e0aa       _M_Load_Key                0042f0aa f   menu.obj
 0001:0002e22a       _M_Save_Key                0042f22a f   menu.obj
 0001:0002e383       _M_Menu_MultiPlayer_f      0042f383 f   menu.obj
 0001:0002e3a6       _M_MultiPlayer_Draw        0042f3a6 f   menu.obj
 0001:0002e493       _M_MultiPlayer_Key         0042f493 f   menu.obj
 0001:0002e62f       _M_Menu_Setup_f            0042f62f f   menu.obj
 0001:0002e6b5       _M_Setup_Draw              0042f6b5 f   menu.obj
 0001:0002e8e6       _M_Setup_Key               0042f8e6 f   menu.obj
 0001:0002ecbc       _M_Menu_Net_f              0042fcbc f   menu.obj
 0001:0002ed1c       _M_Net_Draw                0042fd1c f   menu.obj
 0001:0002efbd       _M_Net_Key                 0042ffbd f   menu.obj
 0001:0002f198       _M_Menu_Options_f          00430198 f   menu.obj
 0001:0002f1bb       _M_AdjustSliders           004301bb f   menu.obj
 0001:0002f520       _M_DrawSlider              00430520 f   menu.obj
 0001:0002f5e3       _M_DrawCheckbox            004305e3 f   menu.obj
 0001:0002f61a       _M_Options_Draw            0043061a f   menu.obj
 0001:0002f8e8       _M_Options_Key             004308e8 f   menu.obj
 0001:0002fae0       _M_Menu_Keys_f             00430ae0 f   menu.obj
 0001:0002fb03       _M_FindKeysForCommand      00430b03 f   menu.obj
 0001:0002fb9d       _M_UnbindCommand           00430b9d f   menu.obj
 0001:0002fc11       _M_Keys_Draw               00430c11 f   menu.obj
 0001:0002fdc6       _M_Keys_Key                00430dc6 f   menu.obj
 0001:0002fff0       _M_Menu_Video_f            00430ff0 f   menu.obj
 0001:00030013       _M_Video_Draw              00431013 f   menu.obj
 0001:0003001e       _M_Video_Key               0043101e f   menu.obj
 0001:00030030       _M_Menu_Help_f             00431030 f   menu.obj
 0001:0003005d       _M_Help_Draw               0043105d f   menu.obj
 0001:0003008b       _M_Help_Key                0043108b f   menu.obj
 0001:00030194       _M_Menu_Credits_f          00431194 f   menu.obj
 0001:000301b7       _M_Credits_Draw            004311b7 f   menu.obj
 0001:00030224       _M_Credits_Key             00431224 f   menu.obj
 0001:0003022e       _M_Menu_Quit_f             0043122e f   menu.obj
 0001:00030286       _M_Quit_Key                00431286 f   menu.obj
 0001:00030383       _M_Quit_Draw               00431383 f   menu.obj
 0001:00030437       _M_Menu_SerialConfig_f     00431437 f   menu.obj
 0001:00030542       _M_SerialConfig_Draw       00431542 f   menu.obj
 0001:00030897       _M_SerialConfig_Key        00431897 f   menu.obj
 0001:00030d73       _M_Menu_ModemConfig_f      00431d73 f   menu.obj
 0001:00030db5       _M_ModemConfig_Draw        00431db5 f   menu.obj
 0001:00031083       _M_ModemConfig_Key         00432083 f   menu.obj
 0001:000313af       _M_Menu_LanConfig_f        004323af f   menu.obj
 0001:00031453       _M_LanConfig_Draw          00432453 f   menu.obj
 0001:0003173c       _M_LanConfig_Key           0043273c f   menu.obj
 0001:00031a79       _M_Menu_GameOptions_f      00432a79 f   menu.obj
 0001:00031ac4       _M_GameOptions_Draw        00432ac4 f   menu.obj
 0001:000320ab       _M_NetStart_Change         004330ab f   menu.obj
 0001:0003246a       _M_GameOptions_Key         0043346a f   menu.obj
 0001:0003270f       _M_Menu_Search_f           0043370f f   menu.obj
 0001:00032755       _M_Search_Draw             00433755 f   menu.obj
 0001:00032838       _M_Search_Key              00433838 f   menu.obj
 0001:0003283d       _M_Menu_ServerList_f       0043383d f   menu.obj
 0001:00032885       _M_ServerList_Draw         00433885 f   menu.obj
 0001:00032af1       _M_ServerList_Key          00433af1 f   menu.obj
 0001:00032c99       _M_Init                    00433c99 f   menu.obj
 0001:00032dbe       _M_Draw                    00433dbe f   menu.obj
 0001:00033018       _M_Keydown                 00434018 f   menu.obj
 0001:00033364       _M_ConfigureNetSubsystem   00434364 f   menu.obj
 0001:000333b1       _M_Menu_Extended_f         004343b1 f   menu.obj
 0001:000333d4       _M_Extended_Draw           004343d4 f   menu.obj
 0001:000337ec       _M_AdjustSliders_Extended  004347ec f   menu.obj
 0001:00033add       _M_Extended_Key            00434add f   menu.obj
 0001:00033f44       _M_Extended_Get_Vsync      00434f44 f   menu.obj
 0001:00033f64       _M_Extended_Set_Vsync      00434f64 f   menu.obj
 0001:00033fb3       _M_Extended_Set_Sound_KHz  00434fb3 f   menu.obj
 0001:00034366       _Update_Gamespy_Menu       00435366 f   menu.obj
 0001:00034370       _M_Gamespy_Key             00435370 f   menu.obj
 0001:00034bff       _M_Menu_Gamespy_f          00435bff f   menu.obj
 0001:00034c2c       _M_Gamespy_Draw            00435c2c f   menu.obj
 0001:00034ef0       _NET_Ban_f                 00435ef0 f   net_dgrm.obj
 0001:00035045       _Datagram_SendMessage      00436045 f   net_dgrm.obj
 0001:00035173       _SendMessageNext           00436173 f   net_dgrm.obj
 0001:00035277       _ReSendMessage             00436277 f   net_dgrm.obj
 0001:0003536b       _Datagram_CanSendMessage   0043636b f   net_dgrm.obj
 0001:0003538b       _Datagram_CanSendUnreliableMessage 0043638b f   net_dgrm.obj
 0001:00035395       _Datagram_SendUnreliableMessage 00436395 f   net_dgrm.obj
 0001:00035452       _Datagram_GetMessage       00436452 f   net_dgrm.obj
 0001:00035884       _PrintStats                00436884 f   net_dgrm.obj
 0001:000358d5       _NET_Stats_f               004368d5 f   net_dgrm.obj
 0001:0003603a       _Datagram_Init             0043703a f   net_dgrm.obj
 0001:000367c7       _Datagram_Shutdown         004377c7 f   net_dgrm.obj
 0001:00036819       _Datagram_Close            00437819 f   net_dgrm.obj
 0001:00036837       _Datagram_Listen           00437837 f   net_dgrm.obj
 0001:00036880       _Datagram_CheckNewConnections 00437880 f   net_dgrm.obj
 0001:0003730a       _Datagram_SearchForHosts   0043830a f   net_dgrm.obj
 0001:000377b9       _Datagram_Connect          004387b9 f   net_dgrm.obj
 0001:00037cb0       _Loop_Init                 00438cb0 f   net_loop.obj
 0001:00037cc5       _Loop_Shutdown             00438cc5 f   net_loop.obj
 0001:00037cca       _Loop_Listen               00438cca f   net_loop.obj
 0001:00037ccf       _Loop_SearchForHosts       00438ccf f   net_loop.obj
 0001:00037d71       _Loop_Connect              00438d71 f   net_loop.obj
 0001:00037ea0       _Loop_CheckNewConnections  00438ea0 f   net_loop.obj
 0001:00037f13       _Loop_GetMessage           00438f13 f   net_loop.obj
 0001:0003800d       _Loop_SendMessage          0043900d f   net_loop.obj
 0001:000380ff       _Loop_SendUnreliableMessage 004390ff f   net_loop.obj
 0001:000381e1       _Loop_CanSendMessage       004391e1 f   net_loop.obj
 0001:000381f9       _Loop_CanSendUnreliableMessage 004391f9 f   net_loop.obj
 0001:00038203       _Loop_Close                00439203 f   net_loop.obj
 0001:00038260       _SetNetTime                00439260 f   net_main.obj
 0001:00038270       _NET_NewQSocket            00439270 f   net_main.obj
 0001:00038392       _NET_FreeQSocket           00439392 f   net_main.obj
 0001:00038415       _NET_Slist_f               00439415 f   net_main.obj
 0001:000386ee       _NET_Connect               004396ee f   net_main.obj
 0001:000388dd       _NET_CheckNewConnections   004398dd f   net_main.obj
 0001:0003895b       _NET_Close                 0043995b f   net_main.obj
 0001:0003899c       _NET_GetMessage            0043999c f   net_main.obj
 0001:00038a88       _NET_SendMessage           00439a88 f   net_main.obj
 0001:00038af9       _NET_SendUnreliableMessage 00439af9 f   net_main.obj
 0001:00038b6a       _NET_CanSendMessage        00439b6a f   net_main.obj
 0001:00038ba3       _NET_SendToAll             00439ba3 f   net_main.obj
 0001:00038dbb       _NET_Init                  00439dbb f   net_main.obj
 0001:0003931b       _NET_Shutdown              0043a31b f   net_main.obj
 0001:000393ae       _NET_Poll                  0043a3ae f   net_main.obj
 0001:000394a6       _SchedulePollProcedure     0043a4a6 f   net_main.obj
 0001:00039530       _BlockingHook@0            0043a530 f   net_wins.obj
 0001:0003958d       _WINS_GetLocalAddress      0043a58d f   net_wins.obj
 0001:00039678       _WINS_Init                 0043a678 f   net_wins.obj
 0001:00039b08       _WINS_Shutdown             0043ab08 f   net_wins.obj
 0001:00039b43       _WINS_Listen               0043ab43 f   net_wins.obj
 0001:00039bad       _WINS_OpenSocket           0043abad f   net_wins.obj
 0001:00039c4e       _WINS_CloseSocket          0043ac4e f   net_wins.obj
 0001:00039c72       _WINS_Connect              0043ac72 f   net_wins.obj
 0001:00039c79       _WINS_CheckNewConnections  0043ac79 f   net_wins.obj
 0001:00039cc6       _WINS_Read                 0043acc6 f   net_wins.obj
 0001:00039d1e       _WINS_MakeSocketBroadcastCapable 0043ad1e f   net_wins.obj
 0001:00039d58       _WINS_Broadcast            0043ad58 f   net_wins.obj
 0001:00039dc6       _WINS_Write                0043adc6 f   net_wins.obj
 0001:00039e05       _WINS_AddrToString         0043ae05 f   net_wins.obj
 0001:00039e76       _WINS_StringToAddr         0043ae76 f   net_wins.obj
 0001:00039eeb       _WINS_GetSocketAddr        0043aeeb f   net_wins.obj
 0001:00039f4a       _WINS_GetNameFromAddr      0043af4a f   net_wins.obj
 0001:00039f9f       _WINS_GetAddrFromName      0043af9f f   net_wins.obj
 0001:0003a1e8       _WINS_AddrCompare          0043b1e8 f   net_wins.obj
 0001:0003a234       _WINS_GetSocketPort        0043b234 f   net_wins.obj
 0001:0003a24b       _WINS_SetSocketPort        0043b24b f   net_wins.obj
 0001:0003a263       _NET_ErrorString           0043b263 f   net_wins.obj
 0001:0003a5a0       _WIPX_Init                 0043b5a0 f   net_wipx.obj
 0001:0003a834       _WIPX_Shutdown             0043b834 f   net_wipx.obj
 0001:0003a86f       _WIPX_Listen               0043b86f f   net_wipx.obj
 0001:0003a8d4       _WIPX_OpenSocket           0043b8d4 f   net_wipx.obj
 0001:0003a9f7       _WIPX_CloseSocket          0043b9f7 f   net_wipx.obj
 0001:0003aa2c       _WIPX_Connect              0043ba2c f   net_wipx.obj
 0001:0003aa33       _WIPX_CheckNewConnections  0043ba33 f   net_wipx.obj
 0001:0003aa88       _WIPX_Read                 0043ba88 f   net_wipx.obj
 0001:0003ab19       _WIPX_Broadcast            0043bb19 f   net_wipx.obj
 0001:0003ab37       _WIPX_Write                0043bb37 f   net_wipx.obj
 0001:0003abca       _WIPX_AddrToString         0043bbca f   net_wipx.obj
 0001:0003ac81       _WIPX_StringToAddr         0043bc81 f   net_wipx.obj
 0001:0003af2d       _WIPX_GetSocketAddr        0043bf2d f   net_wipx.obj
 0001:0003af7c       _WIPX_GetNameFromAddr      0043bf7c f   net_wipx.obj
 0001:0003af9c       _WIPX_GetAddrFromName      0043bf9c f   net_wipx.obj
 0001:0003b03d       _WIPX_AddrCompare          0043c03d f   net_wipx.obj
 0001:0003b0ce       _WIPX_GetSocketPort        0043c0ce f   net_wipx.obj
 0001:0003b0e5       _WIPX_SetSocketPort        0043c0e5 f   net_wipx.obj
 0001:0003b100       _PF_error                  0043c100 f   pr_cmds.obj
 0001:0003b205       _PF_objerror               0043c205 f   pr_cmds.obj
 0001:0003b266       _PF_makevectors            0043c266 f   pr_cmds.obj
 0001:0003b2a1       _PF_setorigin              0043c2a1 f   pr_cmds.obj
 0001:0003b302       _SetMinMaxSize             0043c302 f   pr_cmds.obj
 0001:0003b603       _PF_setsize                0043c603 f   pr_cmds.obj
 0001:0003b64b       _PF_setmodel               0043c64b f   pr_cmds.obj
 0001:0003b772       _PF_bprint                 0043c772 f   pr_cmds.obj
 0001:0003b798       _PF_sprint                 0043c798 f   pr_cmds.obj
 0001:0003b824       _PF_centerprint            0043c824 f   pr_cmds.obj
 0001:0003b8b0       _PF_normalize              0043c8b0 f   pr_cmds.obj
 0001:0003b973       _PF_vlen                   0043c973 f   pr_cmds.obj
 0001:0003b9ce       _PF_vectoyaw               0043c9ce f   pr_cmds.obj
 0001:0003ba6f       _PF_vectoangles            0043ca6f f   pr_cmds.obj
 0001:0003bbc4       _PF_random                 0043cbc4 f   pr_cmds.obj
 0001:0003bbf2       _PF_particle               0043cbf2 f   pr_cmds.obj
 0001:0003bc49       _PF_ambientsound           0043cc49 f   pr_cmds.obj
 0001:0003bdc7       _PF_sound                  0043cdc7 f   pr_cmds.obj
 0001:0003beb5       _PF_break                  0043ceb5 f   pr_cmds.obj
 0001:0003bed1       _PF_traceline              0043ced1 f   pr_cmds.obj
 0001:0003c02e       _PF_checkpos               0043d02e f   pr_cmds.obj
 0001:0003c033       _PF_newcheckclient         0043d033 f   pr_cmds.obj
 0001:0003c180       _PF_checkclient            0043d180 f   pr_cmds.obj
 0001:0003c304       _PF_stuffcmd               0043d304 f   pr_cmds.obj
 0001:0003c393       _PF_localcmd               0043d393 f   pr_cmds.obj
 0001:0003c3b8       _PF_cvar                   0043d3b8 f   pr_cmds.obj
 0001:0003c3e5       _PF_cvar_set               0043d3e5 f   pr_cmds.obj
 0001:0003c421       _PF_findradius             0043d421 f   pr_cmds.obj
 0001:0003c54f       _PF_dprint                 0043d54f f   pr_cmds.obj
 0001:0003c571       _PF_ftos                   0043d571 f   pr_cmds.obj
 0001:0003c5e7       _PF_fabs                   0043d5e7 f   pr_cmds.obj
 0001:0003c611       _PF_vtos                   0043d611 f   pr_cmds.obj
 0001:0003c668       _PF_Spawn                  0043d668 f   pr_cmds.obj
 0001:0003c68a       _PF_Remove                 0043d68a f   pr_cmds.obj
 0001:0003c6af       _PF_Find                   0043d6af f   pr_cmds.obj
 0001:0003c798       _PR_CheckEmptyString       0043d798 f   pr_cmds.obj
 0001:0003c7b5       _PF_precache_file          0043d7b5 f   pr_cmds.obj
 0001:0003c7cb       _PF_precache_sound         0043d7cb f   pr_cmds.obj
 0001:0003c87c       _PF_precache_model         0043d87c f   pr_cmds.obj
 0001:0003c945       _PF_coredump               0043d945 f   pr_cmds.obj
 0001:0003c94f       _PF_traceon                0043d94f f   pr_cmds.obj
 0001:0003c95e       _PF_traceoff               0043d95e f   pr_cmds.obj
 0001:0003c96d       _PF_eprint                 0043d96d f   pr_cmds.obj
 0001:0003c992       _PF_walkmove               0043d992 f   pr_cmds.obj
 0001:0003ca7c       _PF_droptofloor            0043da7c f   pr_cmds.obj
 0001:0003cb99       _PF_lightstyle             0043db99 f   pr_cmds.obj
 0001:0003cc59       _PF_rint                   0043dc59 f   pr_cmds.obj
 0001:0003ccb7       _PF_floor                  0043dcb7 f   pr_cmds.obj
 0001:0003ccdb       _PF_ceil                   0043dcdb f   pr_cmds.obj
 0001:0003ccff       _PF_checkbottom            0043dcff f   pr_cmds.obj
 0001:0003cd34       _PF_pointcontents          0043dd34 f   pr_cmds.obj
 0001:0003cd64       _PF_nextent                0043dd64 f   pr_cmds.obj
 0001:0003cde8       _PF_aim                    0043dde8 f   pr_cmds.obj
 0001:0003d23f       _PF_changeyaw              0043e23f f   pr_cmds.obj
 0001:0003d340       _WriteDest                 0043e340 f   pr_cmds.obj
 0001:0003d3fd       _PF_WriteByte              0043e3fd f   pr_cmds.obj
 0001:0003d41e       _PF_WriteChar              0043e41e f   pr_cmds.obj
 0001:0003d43f       _PF_WriteShort             0043e43f f   pr_cmds.obj
 0001:0003d460       _PF_WriteLong              0043e460 f   pr_cmds.obj
 0001:0003d481       _PF_WriteAngle             0043e481 f   pr_cmds.obj
 0001:0003d4a0       _PF_WriteCoord             0043e4a0 f   pr_cmds.obj
 0001:0003d4bf       _PF_WriteString            0043e4bf f   pr_cmds.obj
 0001:0003d4e1       _PF_WriteEntity            0043e4e1 f   pr_cmds.obj
 0001:0003d50c       _PF_makestatic             0043e50c f   pr_cmds.obj
 0001:0003d785       _PF_setspawnparms          0043e785 f   pr_cmds.obj
 0001:0003d81d       _PF_changelevel            0043e81d f   pr_cmds.obj
 0001:0003d865       _PF_tracetoss              0043e865 f   pr_cmds.obj
 0001:0003d90f       _VM_SetTraceGlobals        0043e90f f   pr_cmds.obj
 0001:0003dc5f       _PF_Fixme                  0043ec5f f   pr_cmds.obj
 0001:0003dc80       _ED_ClearEdict             0043ec80 f   pr_edict.obj
 0001:0003dcae       _ED_Alloc                  0043ecae f   pr_edict.obj
 0001:0003dd7a       _ED_Free                   0043ed7a f   pr_edict.obj
 0001:0003de67       _ED_GlobalAtOfs            0043ee67 f   pr_edict.obj
 0001:0003deb7       _ED_FieldAtOfs             0043eeb7 f   pr_edict.obj
 0001:0003df07       _ED_FindField              0043ef07 f   pr_edict.obj
 0001:0003df66       _ED_FindGlobal             0043ef66 f   pr_edict.obj
 0001:0003dfc5       _ED_FindFunction           0043efc5 f   pr_edict.obj
 0001:0003e026       _GetEdictFieldValue        0043f026 f   pr_edict.obj
 0001:0003e0f9       _PR_ValueString            0043f0f9 f   pr_edict.obj
 0001:0003e29a       _PR_UglyValueString        0043f29a f   pr_edict.obj
 0001:0003e420       _PR_GlobalString           0043f420 f   pr_edict.obj
 0001:0003e4f1       _PR_GlobalStringNoContents 0043f4f1 f   pr_edict.obj
 0001:0003e596       _ED_Print                  0043f596 f   pr_edict.obj
 0001:0003e6ff       _ED_Write                  0043f6ff f   pr_edict.obj
 0001:0003e8cd       _ED_PrintNum               0043f8cd f   pr_edict.obj
 0001:0003e8e7       _ED_PrintEdicts            0043f8e7 f   pr_edict.obj
 0001:0003e92d       _ED_PrintEdict_f           0043f92d f   pr_edict.obj
 0001:0003e971       _ED_Count                  0043f971 f   pr_edict.obj
 0001:0003ea83       _ED_WriteGlobals           0043fa83 f   pr_edict.obj
 0001:0003eb77       _ED_ParseGlobals           0043fb77 f   pr_edict.obj
 0001:0003ec65       _ED_NewString              0043fc65 f   pr_edict.obj
 0001:0003ed1d       _ED_ParseEpair             0043fd1d f   pr_edict.obj
 0001:0003ef7f       _ED_ParseEdict             0043ff7f f   pr_edict.obj
 0001:0003f4ad       _ED_LoadFromFile           004404ad f   pr_edict.obj
 0001:0003f6cf       _PR_LoadProgs              004406cf f   pr_edict.obj
 0001:0003fc39       _PR_Init                   00440c39 f   pr_edict.obj
 0001:0003fd15       _EDICT_NUM                 00440d15 f   pr_edict.obj
 0001:0003fd4d       _NUM_FOR_EDICT             00440d4d f   pr_edict.obj
 0001:0003fd90       _PR_PrintStatement         00440d90 f   pr_exec.obj
 0001:0003ff3f       _PR_StackTrace             00440f3f f   pr_exec.obj
 0001:0003ffd7       _PR_Profile_f              00440fd7 f   pr_exec.obj
 0001:0004009b       _PR_RunError               0044109b f   pr_exec.obj
 0001:00040124       _PR_EnterFunction          00441124 f   pr_exec.obj
 0001:00040272       _PR_LeaveFunction          00441272 f   pr_exec.obj
 0001:0004032d       _PR_ExecuteProgram         0044132d f   pr_exec.obj
 0001:00040e70       _R_InitParticles           00441e70 f   r_part.obj
 0001:00040ee6       _R_EntityParticles         00441ee6 f   r_part.obj
 0001:00041126       _R_ClearParticles          00442126 f   r_part.obj
 0001:0004119b       _R_ReadPointFile_f         0044219b f   r_part.obj
 0001:00041312       _R_ParseParticleEffect     00442312 f   r_part.obj
 0001:000413b4       _R_ParticleExplosion       004423b4 f   r_part.obj
 0001:00041546       _R_ParticleExplosion2      00442546 f   r_part.obj
 0001:0004165c       _R_BlobExplosion           0044265c f   r_part.obj
 0001:0004182a       _R_RunParticleEffect       0044282a f   r_part.obj
 0001:00041a71       _R_LavaSplash              00442a71 f   r_part.obj
 0001:00041c08       _R_TeleportSplash          00442c08 f   r_part.obj
 0001:00041dc6       _R_RocketTrail             00442dc6 f   r_part.obj
 0001:00042243       _R_DrawParticles           00443243 f   r_part.obj
 0001:00042790       _Sbar_ShowScores           00443790 f   sbar.obj
 0001:000427b4       _Sbar_DontShowScores       004437b4 f   sbar.obj
 0001:000427cd       _Sbar_Changed              004437cd f   sbar.obj
 0001:000427dc       _Sbar_Init                 004437dc f   sbar.obj
 0001:00043040       _Sbar_DrawPic              00444040 f   sbar.obj
 0001:00043099       _Sbar_DrawTransPic         00444099 f   sbar.obj
 0001:000430f2       _Sbar_DrawCharacter        004440f2 f   sbar.obj
 0001:00043150       _Sbar_DrawString           00444150 f   sbar.obj
 0001:000431a9       _Sbar_itoa                 004441a9 f   sbar.obj
 0001:0004323f       _Sbar_DrawNum              0044423f f   sbar.obj
 0001:000432f0       _Sbar_SortFrags            004442f0 f   sbar.obj
 0001:00043409       _Sbar_ColorForMap          00444409 f   sbar.obj
 0001:00043431       _Sbar_UpdateScoreboard     00444431 f   sbar.obj
 0001:00043509       _Sbar_SoloScoreboard       00444509 f   sbar.obj
 0001:00043667       _Sbar_DrawScoreboard       00444667 f   sbar.obj
 0001:0004367f       _Sbar_DrawInventory        0044467f f   sbar.obj
 0001:00043dfb       _Sbar_DrawFrags            00444dfb f   sbar.obj
 0001:00043fdc       _Sbar_DrawFace             00444fdc f   sbar.obj
 0001:000442b4       _Sbar_Draw                 004452b4 f   sbar.obj
 0001:000447a1       _Sbar_IntermissionNumber   004457a1 f   sbar.obj
 0001:00044852       _Sbar_DeathmatchOverlay    00445852 f   sbar.obj
 0001:00044a6f       _Sbar_MiniDeathmatchOverlay 00445a6f f   sbar.obj
 0001:00044ce6       _Sbar_IntermissionOverlay  00445ce6 f   sbar.obj
 0001:00044e84       _Sbar_FinaleOverlay        00445e84 f   sbar.obj
 0001:00044ed0       _S_AmbientOff              00445ed0 f   snd_dma.obj
 0001:00044edf       _S_AmbientOn               00445edf f   snd_dma.obj
 0001:00044eee       _S_SoundInfo_f             00445eee f   snd_dma.obj
 0001:00044fcc       _S_Startup                 00445fcc f   snd_dma.obj
 0001:0004500c       _S_Init                    0044600c f   snd_dma.obj
 0001:000453a7       _S_Shutdown                004463a7 f   snd_dma.obj
 0001:000453ff       _S_FindName                004463ff f   snd_dma.obj
 0001:000454d3       _S_TouchSound              004464d3 f   snd_dma.obj
 0001:00045504       _S_PrecacheSound           00446504 f   snd_dma.obj
 0001:0004555d       _SND_PickChannel           0044655d f   snd_dma.obj
 0001:00045665       _SND_Spatialize            00446665 f   snd_dma.obj
 0001:0004579e       _S_StartSound              0044679e f   snd_dma.obj
 0001:00045978       _S_StopSound               00446978 f   snd_dma.obj
 0001:000459e1       _S_StopAllSounds           004469e1 f   snd_dma.obj
 0001:00045a68       _S_StopAllSoundsC          00446a68 f   snd_dma.obj
 0001:00045a77       _S_ClearBuffer             00446a77 f   snd_dma.obj
 0001:00045bd1       _S_StaticSound             00446bd1 f   snd_dma.obj
 0001:00045cc6       _S_UpdateAmbientSounds     00446cc6 f   snd_dma.obj
 0001:00045e74       _S_Update                  00446e74 f   snd_dma.obj
 0001:0004616f       _GetSoundtime              0044716f f   snd_dma.obj
 0001:00046201       _S_ExtraUpdate             00447201 f   snd_dma.obj
 0001:00046225       _S_Update_                 00447225 f   snd_dma.obj
 0001:00046355       _S_Play                    00447355 f   snd_dma.obj
 0001:00046445       _S_Play2                   00447445 f   snd_dma.obj
 0001:00046532       _S_PlayVol                 00447532 f   snd_dma.obj
 0001:0004663a       _S_SoundList               0044763a f   snd_dma.obj
 0001:0004671c       _S_LocalSound              0044771c f   snd_dma.obj
 0001:0004678f       _S_GamespySound            0044778f f   snd_dma.obj
 0001:000467a9       _S_ClearPrecache           004477a9 f   snd_dma.obj
 0001:000467ae       _S_BeginPrecaching         004477ae f   snd_dma.obj
 0001:000467b3       _S_EndPrecaching           004477b3 f   snd_dma.obj
 0001:000467b8       _S_RawSamples              004477b8 f   snd_dma.obj
 0001:00046a97       _S_StopBackgroundTrack     00447a97 f   snd_dma.obj
 0001:00046ab0       _ResampleSfx               00447ab0 f   snd_mem.obj
 0001:00046c4c       _S_LoadSound               00447c4c f   snd_mem.obj
 0001:00046e42       _GetLittleShort            00447e42 f   snd_mem.obj
 0001:00046e87       _GetLittleLong             00447e87 f   snd_mem.obj
 0001:00046ef6       _FindNextChunk             00447ef6 f   snd_mem.obj
 0001:00046fa3       _FindChunk                 00447fa3 f   snd_mem.obj
 0001:00046fbe       _DumpChunks                00447fbe f   snd_mem.obj
 0001:0004704a       _GetWavinfo                0044804a f   snd_mem.obj
 0001:000472d0       _S_TransferStereo16        004482d0 f   snd_mix.obj
 0001:0004745d       _S_TransferPaintBuffer     0044845d f   snd_mix.obj
 0001:000476e4       _S_PaintChannels           004486e4 f   snd_mix.obj
 0001:0004795a       _SND_InitScaletable        0044895a f   snd_mix.obj
 0001:000479f6       _SND_PaintChannelFrom16    004489f6 f   snd_mix.obj
 0001:00047ac0       _S_StreamWAVBackgroundTrack 00448ac0 f   snd_wavstream.obj
[...]
FIXUPS: 195aa 12 42 12 fffff771 12 12 12 12 12 12 12 12 12 12 12 12 12
FIXUPS: 18e7d 12 12 12 12 12 12 12 12 12 12 12 12 12 f 9 128 28 2411 17
FIXUPS: 1b50f 19 13 22 54 20 23 9 22 16 c 18 24 15 18 16 13 1f ffffd477
FIXUPS: 18b82 56 34 19 a6 12 12 12 4d f 12 2414 4c 20 16 16 2d 30 d d d
FIXUPS: 1b2ad 11 16 14 e 35 14 14 17 d d d e 29 20 c 45 20 22 17 c 1b fffff896
FIXUPS: 1ad61 12 14 14 22 22 5 1f a 1f f 1b 16 1a 10 e 24 d e 1e 97 1a
FIXUPS: 1afd9 c8 35 23 14 24 22 19 12 fffffa04 d d d d d d d d d d d d
FIXUPS: 1ac2b d d d d d d d d d d 12 12 12 12 12 12 12 12 fffffc38 8 5
FIXUPS: 1a9ae c c 16 1b 13 16 12 d 27 19 10 a a 15 e d c 16 f 19 8 5 a
FIXUPS: 1ab41 d d d d fffff245 26 f 5f 19 6b 58 7c 45 1ff 135 5d 1dd 20
FIXUPS: 1a5cc 19 8 49 40 3f 2e 4b 2d 2d 2d 2d c 6c 2d 93 13 1c fffff150
FIXUPS: 19aa8 1d 45 8 10 23 9 1b 13 30 12 44 12 14 14 e f e f e e f 1e
FIXUPS: 19cd3 11 12 8 7 8d f 12 3b53 15 8 5 20 c 18 10 11 2e e 10 10 ffffbed7
FIXUPS: 198d1 d 14 14 14 14 14 e 1b 1b 29 71 11 20 c d f 13 3b6b 16 d a
FIXUPS: 1d650 10 1d 29 14 c c 1d 14 c c 14 a 7 a 6 11 a 7 e 9 c c e9 17
FIXUPS: 1d8b8 17 17 fffffaf1 a 16 d 5 18 8 17 d 5 18 8 1d 5 18 8 1c d a
FIXUPS: 1d4f5 9 f d a 13 7 a 22 2e 8 32 1d fffffa1d f 33 46 28 10 a 27
FIXUPS: 1d118 8 11 e 1a 15 27 f d c c d 13 c 15 d a 2c 16 f 13 8 13 15
FIXUPS: 1ca8c 24 28 12 22 23 23 23 23 23 23 23 2d 37 43 54 55 61 31 bd
FIXUPS: 1ceca 14 a 8 8 25 33 1b 12 20 8 2e fffff5c6 4f d0 21 a 1d a 13
FIXUPS: 1c728 23 f 1b 24 19 1d 1a 27 6a 38 2d 13 95 22 25 11 25 5 1b 5
FIXUPS: 1ca44 1d 24 fffff3af 2e 1d 1d a c 93 16 4c 4f 12 2e 3c 34 47 15
FIXUPS: 1c173 26 23 23 23 26 74 3b 29 1c 78 12 8 11 100 75 fffff5db 28
FIXUPS: 1bb50 d a 13 a e 13 14 14 1a 22 1a c 1c 14 1a 22 1a c 1c 41 3b
FIXUPS: 1bd61 7 3c 15 7 22 c 37 fffff98f 5b 12 1b 27 d a 29 f 1a 1c 20
FIXUPS: 1b941 57 8 25 f a f 2e 8 2b f 14 d 16 c 11 5 5 25 1b 2640 8 8 8
FIXUPS: 1e165 a 63 12 a 8 8 13 96 67 6 13c 14 3b 1a 14 46 1f 4f ffffd19e
FIXUPS: 1b72c d d 11 5 7 5 25 27d2 d 8 8 c 21 14 9 14 9 14 9 14 9 d 8 8
FIXUPS: 1e046 d 8 8 c d 8 8 8 8 14 a 64 d 8 fffffb66 18 21 d 8 8 15 8 29
FIXUPS: 1dd3f 2a 29 22 d 8 8 15 8 29 a 2a 29 22 d 8 8 15 d 8 8 c a 180e
FIXUPS: 1f730 41 26 4b 23 27 1d 14 ffffe1ac 12 12 12 12 12 12 15 8 8 8
FIXUPS: 1daaa 8 8 148 12 22 8 8 15 21 d 8 168b 8 35 3f 13 c 38 9 16 c e
FIXUPS: 1f442 e 22 f 9 e e 12 8 a b 14 19 1a e d 95 45 45 4c 27 fffff764
FIXUPS: 1ee7d 1a 1c 17 d 19 12 12 12 12 12 12 12 12 6b 94 21 c 28 32 c
FIXUPS: 1f12a 2d 15 e 5b 25 3c 3d 3e 3d fffff7ed 13 18 5d 19 f 2f 9 1f
FIXUPS: 1ebf3 f 12 31 13 14 29 f 26 10 1c 16 f 18 13 31 9 1d c 3d f 1d
FIXUPS: 1ee1e fffff842 24 19 d 15 14 1b c d3 6b 11 152 12 f d 11 9 16 f
FIXUPS: 1ea12 9 13 e c e c c 22 e e f 14 3d6a 1c 18 9 23 9 1a 18 9 23 9
FIXUPS: 22925 4f 9 d 99 20 9 1c 32 1e 29 113 3d 1a 15 15 19 ffffb97f 12
FIXUPS: 1e640 e 3e1e 1b 11 1c 15 11 d 24 d 19 5d f 1e 54 3f 18 f 50 5e
FIXUPS: 22741 1d 9 14 e 17 18 9 1c 18 9 1a 18 fffff749 11 c 8 15 13 1b
FIXUPS: 22006 1a 10 21 35 51 1a f 2b 28 19 1a c 40 95 6c 13 67 c 10 c 3d
FIXUPS: 223fb d 17 fffff6e8 46 16 37 49 12 2d f 35 14 36 27 f 2a 16 14
FIXUPS: 21d50 27 14 22 40 17 52 21 20 19 1d 1a 25 28 1d 17 fffff68a 1c
FIXUPS: 21627 1b 19 d a5 1b 56 24 4f 13 1c 22 f 1d 16 14 c 43 1c 10 12
FIXUPS: 21931 50 1d 23 f 26 19 25 b3 fffff879 d d d d d d d d d d d d d
FIXUPS: 21416 d d 12 12 8 5 16 1e 22 1a 13 67 15 26 d 33 18 fffff59c 25
FIXUPS: 20bd2 3f 21 45 23d 2f 20 16 20 f 67 14 12 17 117 7c 25 11 11 11
FIXUPS: 211fc 11 11 1b d9 d d d d d fffff0d5 11 12 15 15 3f 1f 15 41 1f
FIXUPS: 2055d 221 4d 1e e 1e a d 1e 34 63 1c 17 c 40 9 12 34 9 1d c 12f
FIXUPS: 22d6f 6f 16 35 30 16 16 11 9e 8f 2d 31 89 36 45 ffffca00 4f 18
FIXUPS: 1fcea 40d 192 21 21 33 70 20 e 14 33 19 10 12 3cd4 1f 1b 41 88
FIXUPS: 242ef 4b 33 3a 22 18 14 f 10d 10 38 34 10 14 c d d 1c 8 5 5 25
FIXUPS: 24663 1e 31 ffffe657 37 d95 17 29 9 28 19 1e 14 17 37 10 3c 1e
FIXUPS: 23c5d e 24 e0 3d 29 16 1d 2e 1d 9 13 a 9 8 40 a3 10a 4b fffff564
FIXUPS: 2365f 1b 11 30 f 12 1b 12 a d d d 12 12 12 12 55 31 d1 cf 1e 1d
FIXUPS: 239f8 17 c 1b 1e 1a f 32 11 12de f 4d 1b 12 1c 34 34 d 17 17 17
FIXUPS: 24f14 17 17 19 1a 1a 19 1a 1a 19 28 fffff70b ffffece4 11 e 23 74
FIXUPS: 23519 7d 15 154f 16 12 b 18 f 1c 13 c 16 17 13 17 1d c 19 f 15
FIXUPS: 24c61 c 19 26 9 23 17 9 e 10 8 f 23 3d a24 44 3f 7c 34 1e ffffee95
FIXUPS: 247a3 f 54 5a 1f 17 d 33 21 20 14 2c 3d 25 1a 18 12 c c 19 f 15
FIXUPS: 24a94 28 16 8c3 1a 5c e 10 51 1c 15 13 15 1b 17 2b f 1f 16 1e 13
FIXUPS: 255c4 1a 23 15 15 1b 1b 24 1b 24 2b 2c 24 29 1402 d d d f 8 19
FIXUPS: 26bde 23 8 5 5 5 e ffffe448 11 15 12 61 29 17 2a 1a 40 26 1a 69
FIXUPS: 2528f 1b 65 2e 38 16b6 5 5 b 8 a 8 a 8 5 5 5 5 5 5 a 1f 8 17 1b
FIXUPS: 26afa 1b f 8 5 5 5 5 5 5 5 a fffffb75 5 5 5 5 e 5 e e 20 18 b 18
FIXUPS: 26794 8 1b 8 2a 8 1d 1a 23 45 d c 8 49 76 35 4c 2d 8 fffff7ce 23
FIXUPS: 26228 38 5 68 1f 12 13 16 3b 13 1a 4f 16 1e 19 8 5 14 1e 14 1ac
FIXUPS: 2663e 22 5 5 20 5 14 11 9 fffff716 11 1a 13 11 c c c 19 1e 1b 1c
FIXUPS: 25ecf 1e 6c 26 1e 1e 1b 1c 25 18 1b 55 25 11 92 23 14 11 23 11
FIXUPS: 25ae0 1c 36 2a 1f 23 71 20 11 f a d d d d d d d d d d d d d d d
FIXUPS: 25d29 d d d 8 5d 4b6f 12 12 12 12 12 12 12 12 12 12 12 12 12 d
FIXUPS: 25950 21 1e 20 13 1f 11 7 c 16 18 12 19 1e 13 1f 8 4c0e 29 25 5
FIXUPS: 2a737 5 14 12 12 12 12 12 12 12 12 12 12 12 12 12 12 12 12 12 12
FIXUPS: 2a8a6 12 12 12 12 12 12 fffff9eb 20 18 14 14 9 13 e 20 19 19 11
FIXUPS: 2a3f3 3c 36 12 19 5e a 12 19 53 a 17 1a 46 d 18 18 2b 19 2f fffff27f
FIXUPS: 299c3 14 60 a 6 32 9 43 13 a 24 29 d 9 69 29 35 35 30 40 42 41
FIXUPS: 29d9e 5a 6a 6e 6b 78 62 60 39 fffff58e 1c 16 14 13 10 14 13 14
FIXUPS: 296f0 13 14 14 f 14 14 13 10 1f 17 38 16 18 14 13 2b 3e 32 15 9
FIXUPS: 2990f 9 fffff8d2 22 38 21 f 14 1b 1a 21 14 14 2b 1d 4c c bc 8 2e
FIXUPS: 294ad 11 14 1f 49 15 1c 13 16 1c 13 16 1c 31 fffff874 1e 11 8 20
FIXUPS: 28f05 16 1e 11 58 13 1f 1b 10 f e d d c 9 15 9 d 9 58 11 3b 21
FIXUPS: 2915e 18 24 3a fffff90c 15 d c d 22 1a 11 2d 1b 22 19 32 21 1a
FIXUPS: 28c76 d 39 a 17 20 2a 1c c 16 1e 11 a4 1f 11 f 19 fffff820 16 20
FIXUPS: 28729 1d 14 19 1b 1b 8 c 18 d 58 f c 2a 56 55 d 29 28 13 d 18 11
FIXUPS: 289fa 22 1c 3a 59 8 fffff8d7 11 1f 14 14 14 16 18 c 15 3f 1a 16
FIXUPS: 284f3 41 13 e 29 d c e d 14 13 f 19 1f 14 14 14 1c 20 fffff9cf
FIXUPS: 28081 1a 2a 5 9 d 13 16 15 1e 18 11 d c 8 17 c 3a 12 21 1f c 14
FIXUPS: 282be 1b 1b d f 14 9 11 fffffac3 17 7 12 1e e e 12 14 14 10 f 26
FIXUPS: 27f04 e e 12 11 12 f 24 f 14 10 16 e 8 7 d c 1a 3a fffff9a1 9 21
FIXUPS: 27a44 15 1e f 19 27 51 28 c 9 34 29 f 19 27 47 1e c 9 2a 1f f 1b
FIXUPS: 27cfc 96 b 2a 14 10 fffff725 84 19 f 29 11 21 11 f 2b 1f d2 70
FIXUPS: 27813 27 25 25 11 f f 9 21 1e 15 1e f 1b 27 25 27 13 f fffff5b5
FIXUPS: 26fac e f e 33 15 13 1c 45 52 48 32 c 33 6b 49 c 35 19 5 3f 19
FIXUPS: 27318 36 18 13 1c 4b 62 52 41 fffff797 7 31 1a 24 12 c 64 26 14
FIXUPS: 26da7 11 f 15 10 14 11 e 17 7 d f 1b 14 f 9 15 1c 5d f 1e 42 4a04
FIXUPS: 2b9c7 25 25 26 25 ee 4f d1 3c 26 6e 30 ab 6 1a b2 68 1a 10 43 6f
FIXUPS: 2c06b 83 64 1a ffffaad1 7 7 8 a 7 4340 d d d d 12 12 18 5 a 5 be
FIXUPS: 2b122 1d0 3e 8b 1f 3b 16 9a 1a7 c ba 2b 3d 4a 1b 32 53 ac 4c 17
FIXUPS: 2ab63 95 71 3c 63 33 34 32 1e 20 c 18 f 39 1b 29 41 11 d d d d
FIXUPS: 2af22 d d d d d d d d d 1c43 e 3d c 10 15 58 12 31d 12 12 d e4
FIXUPS: 2d100 3d 44 e a c 4c f 53 f 32 87 f e d 4d e e f fffff2e3 f d d
FIXUPS: 2c6ee d7 d 6c d 100 ad 1a 12 13 26 f c 9 13 e 13 28 3b 14 15 19
FIXUPS: 2cb69 9 13 e 2d e d00 20 14 2bf 45 4d4 24 b 17 8 18 b 1d 8 1a 41
FIXUPS: 2e1ec ffffe001 d 1d 47 27 f 3a 1b 21 23 c 10b 18 b5 18 985c 3c
FIXUPS: 35de2 11 14 1c 8 61 22 29 ffff7651 29 37 c 39 14 66 46 2a 1a 1a
FIXUPS: 2d707 1d 1a 78 25 2c 17 2c 3d 14 1f 7c81 f9 3b c df 14 24 3a 1e
FIXUPS: 3583d 3b a4 14 27 3d 24 56 3e 6b a 89 5f 8f 21 11 14 1c 8 3e 14
FIXUPS: 35d12 4e fffff423 14 d 31 3b 14 14 26 1d d 20 3b 14 14 26 1d d
FIXUPS: 3536a d 54 14 23 1e f 31 44 2b 10 11 13 15 12 fffff792 27 27 20
FIXUPS: 34d51 27 20 3c 3c 39 c c a b 102 12 11 f 75 d 26 1b d 1d 26 14
FIXUPS: 350e5 d 1d 1d 14 2f fffff628 8 f 14 1f 49 28 17 28 28 27 27 20
FIXUPS: 3494e 27 20 28 28 28 65 15 e d 72 34 2f c f 62 3c 14 3c fffff774
FIXUPS: 34401 21 13 17 1c 18 1c 18 1c 17 1c 29 24 2b 1c 29 24 2b 1c 18
FIXUPS: 3465f 17 1c 18 1c 2a 1c 30 14 14 17 fffff892 35 11 11 11 11 11
FIXUPS: 340a8 11 11 11 11 11 11 e e e e e e e e e 9b f 2f 9 f 2f c1 1f
FIXUPS: 343e7 fffffa2c 5 7 41 a a a a a 7 7 7 7 7 7 7 7 7 7 7 7 7 7 7 7
FIXUPS: 33f10 16 12 5 5 99 16 fffff9e6 75 2d 19 19 1c 1f 3b a f 39 34 4f
FIXUPS: 33bff a8 12 12 12 12 12 12 12 12 12 12 12 12 12 12 12 51 8 fffff6cf
FIXUPS: 3351f a 20 a 12 23 d 13 9 8 30 9 35 9 2c 9 c de 12 21 1c 13 11
FIXUPS: 337fd 10 23 f7 25 29 20 21 fffff46b 29 21 11 35 2f 3a 2f 2e 2f
FIXUPS: 32fba 1f 42 1f 16 16 16 e9 38 1f 29 1f 22 25 28 22 25 28 22 25
FIXUPS: 3349a f fffff634 d 21 13 14 11 14 10 11 27 16 11 17 69 10 3a 11
FIXUPS: 32cc8 22 22 16 11 27 10 b 10 11 27 10 b 10 11 fffff7ed 1d 1a 1c
FIXUPS: 32654 14 20 1d 17 10 1d 17 10 21 3d f 34 47 17 a 13 45 9 20 11
FIXUPS: 328c8 11 30 43 5d 38 ef fffff587 21 3d f 34 59 61 1e 18 11 1d 11
FIXUPS: 32244 11 33 35 35 147 26 d d 29 47 f 1c 1f 18 18 1d 1a 21 18 fffff5fd
FIXUPS: 31bd9 f 18 11 2d 183 d d 29 2c 1a 18 19 1e 1d 1b 10 18 19 1e 1d
FIXUPS: 31f68 10 18 19 1e 1d 1b 10 1a 1a fffff5ec 15 17 1b 13 15 18 1b
FIXUPS: 316ec 15 21 21 1a 19 23 1b 1b 1b 14 21 1d 1f 10 21 3d f 34 42 c3
FIXUPS: 31b1e 5d e fffff3a6 16 127 9 d 35 109 d 17 d d d 10 d 50 7b 7 8
FIXUPS: 313a4 17 1d 1c 1d 1d 120 d d 29 47 f 21 13 fffff3f9 10d 4e 39 47
FIXUPS: 30c04 19 21 1a 13 42 17 1c e 18 c 27 c 17 2a 16 1f 20 31 12 c 45
FIXUPS: 30e7e 32 3d d 1c fffff801 22 11 1c 11 1c 11 36 11 36 11 e d 11
FIXUPS: 3086c d 1d 14 14 1f 3d a a 35 11 c a 7 9 f 31 2e fffff844 64 63
FIXUPS: 30377 64 2a 12 12 14 12 12 1e 39 39 72 33 1d 1f 6 22 17 15 d d
FIXUPS: 30661 11 11 11 11 28 11 28 fffff65d 1d 12 1b 1f 12 1b 1f 12 15
FIXUPS: 2fe5e 12 15 1f 15 1c 2a 21 21 21 14 1c 9 17 3d f 36 52 7 7 7 12c
FIXUPS: 2f814 14 1b 1d 1f 10 1d 1f 10 3d f 34 42 4e 72 16 9 14 16 35 9
FIXUPS: 2faf6 18 11 1d 11 2d 35 164 15 d d fffff6f5 9 17 31 3d f 34 6d
FIXUPS: 2f597 7 be 14 e 1f 22 d d 21 11 13 14 11 13 14 11 11 13 14 d 16
FIXUPS: 2f7e3 1e fffff6e4 32 49 12 21 39 16 1b 17 21 39 16 1b 3b f 31 11
FIXUPS: 2f134 f 2f e8 2a 9 f 31 e5 d d 21 d d 14 fffff5df 20 7 7 7 7 100
FIXUPS: 2eb43 d 21 d d 14 1c 9 17 3d f 34 63 26 d 16 f a 7 c9 30 14 20
FIXUPS: 2ee6c 1e fffff7fc 7 88 d d 21 d d 14 1c 9 17 a3 f 38 34 a a a a
FIXUPS: 2e946 16 8 13 13 8 7 7 10 13 20 d a248 11 1d ffff55ba 2b 3a 3d
FIXUPS: 2e2eb 54 21 55 64 21 17 d 3a f 1a 26 17 d 39 17 f 1a 2a 17 d 3a
FIXUPS: 2e61b 1a 2b a0bb 1d ca 6b 51 8 37 f f 12 f 57 7b 1a 49 26 8 5 23
FIXUPS: 38ad8 23 11 d 11 11 13 26 8 33 11 31 8 fffff569 30 48 63 d f 12
FIXUPS: 382a8 54 5a 46 f f 12 f 60 84 19 38 15 7d 13 8 13 8 11 11 23 26
FIXUPS: 38665 1b 4f fffff5da 16 4c f 12 19 14 57 21 6 13 13 f 12 12 59
FIXUPS: 37ec5 f 12 12 57 94 f 12 40 59 13 14 17 f 12 12 fffff697 17 109
FIXUPS: 37907 47 1a 3d 17 6 18 f 12 3d 14 12 14 13 f 59 19 75 f 12 11 17
FIXUPS: 37bdb 17 b 17 b 1a 57 fffff31c 2b 34 4a d 8e 12 12 12 2b 50 56
FIXUPS: 372ec f f 11 60 17 22 50 47 cc f f 12 5a 17 22 50 47 cc 30 fffff434
FIXUPS: 36ba9 8 8 a 3c 34 96 1a 3a 11 d 18 d 1b d f f 14 5d 17 f 9c 1a
FIXUPS: 36f2c 2b f 17 d 8 a 8 fffff8d2 1e 14 17 d e 19 14 14 13 14 14 13
FIXUPS: 3697d 14 13 14 9 29 27 32 9 3b 9 1c 6f 1a 39 11 8 8 a fffff3da
FIXUPS: 35f7d e a 34 9 1a 9 18 9 c 9 36 9f 106 f2 84 81 89 55 d5 49 25
FIXUPS: 36634 39 3c 11 3f d8 20 16 3b 3ac1 d 10 23 b5 c c 41 5c ffffe849
FIXUPS: 38d0c 16 12 34 16 26 18 21 3a 18 1e 111 1b f 4e 7a 78 18 d4 18
FIXUPS: 35f09 37 400b d d d 12 12 12 12 b5 1f 1f f 1c c 9 70 15 1b f 9
FIXUPS: 3a1da 1c 1c 21 12 27 14 10 15 c 9 1f fffff6e4 10 4f c 7e d 64 d
FIXUPS: 39b85 9e 65 70 27 14 29 22 1b 2e 16 16 2c 14 3b 1f 2e 35 d d d
FIXUPS: 39f24 d d fffff4af 45 8 f 14 17 1c d 7b 24 7a 5 27 13 8e 29 2a
FIXUPS: 396e5 18 31 4e 3e e 32 3f 88 8 5 5 f 90 21 1283 12 e 4c f4 8 9
FIXUPS: 3ad9d 1e 56 10 45 34 30 10 27 2e 46 10 d 30 32 47 147 2c 13 14
FIXUPS: 3b240 14 16 ffffdffa 88 2e02 ffffe449 18 7c 10 18 29 51 2e 1a2
FIXUPS: 3a852 44 3d 38 b2 d 38 28 1d f 1e a 1b 45 10 20 e 3c b 1b 1c 69
FIXUPS: 3b9df 8e 9e 23 50 58 9d 21 2e 3d 3d 3d 3d 3d 3d 3d 3d 3a 2b d 34
FIXUPS: 3bf84 d 16 25 10 23 10 1e 4f 21 3d 27dc 18 1db c 2a 1b 65 3c cd
FIXUPS: 3b5af 55 7a b2 a 1b 40 14 10 19 f e f 1c 20 e 42 1b 1c c0 10 d
FIXUPS: 3b9b1 2b4c 6 39 25 1a 12 1f 23 39 11 11 22 e 1a e 1b b 13 b 11
FIXUPS: 3e6e2 11 b 33 1b 22 c 28 21 8e 9 35 fffff52d c2 27 1f3 6b cd 12
FIXUPS: 3e261 cb 23 3d 21 33 29 6 6 15 6 6 15 6 6 15 6 6 19 6 19 6 1c 6
FIXUPS: 3e4f4 fffff26b 4d 34 2e 4e 15 20 2e 43 23 15 f 37 9 41 3a 17 33
FIXUPS: 3daf1 5c 11 4a 7e 13 13 35 1f 29 24 2e 2f 30 fffff130 14 3c 37
FIXUPS: 3d09c 40 5a 16 26 34 2b 9d ac 21 45 2d 25 44 ef 50 13 1b 18 10
FIXUPS: 3d5c8 35 4e 22 37 21 34 2b fffff144 2a 13 4c c3 71 14 b3 14 45
FIXUPS: 3cb62 14 55 5c 9 e 81 21 38 11 2f 19 13 11 b 11 b 2c 28 2b 36 1d
FIXUPS: 3c157 5d 19 28 19 24 1d c 3d 5f 49 77 14 14 16 202 49 68 21 2f
FIXUPS: 3c72f 1e 1a 12 14 21 d 21 2a 13 21 d 3e31 31 1b 3c d 1b 24 36 60
FIXUPS: 407fd 374 68 6e 12 12 12 d d d d d d d d d d d 27 4e ffffb388 24
FIXUPS: 3c14a 413e 3e 15 3c 3c 3e 2a 1f 18 18 1d 1f 19 1b 11 56 2c 10 d
FIXUPS: 4053a 27 12 2a 20 20 12 27 c c 1c 16 c fffff616 f8 1f 20 80 40
FIXUPS: 3fe82 1f 1c 15 1a 2b 20 7c 19 27 12 16 22 16 14 f 3b 16 19 2c 15
FIXUPS: 4014a 3c 3c 4e 3c fffff665 11 13 9 19 29 14 9 1b e 4c 82 11 11
FIXUPS: 3fa67 11 1b 93 1e 12 16 23 27 11 c 16 19 c 1a 1c 11 1b fffff716
FIXUPS: 3f3a5 37 18 46 1f 17 2a d 26 14 1b 1f 24 d 26 14 24 11 e 4b 89
FIXUPS: 3f6a9 21 17 e 20 19 53 8d 15 12 251c ffffcf51 3e 43 25 1b f 16
FIXUPS: 3ef4e 5f 61 4f 23 f 33 77 18 13 36 13 21 17 22 37 14 18 70 18 13
FIXUPS: 3f33b 13 21 1bb8 d 20 4e 28 a9 36 1e 1f 8 14 17 54 27 f3 30 af
FIXUPS: 41373 36 7b 31 188 c 1c c 2e6 fd 116 10c 3d 1d 5b 1252 2f 1d 34
FIXUPS: 42fd6 2f 116 2f 38 4d 81 3e 16 164 142 5a 95 ffffd77e 18 21 34
FIXUPS: 40e32 27 25 e 10 e 1d e 1b e 1b 1817 2c 39 37 2c ba 40 2c 4e 2c
FIXUPS: 429c7 2b 38 e8 1d 23 17 3a 1e a 23 bb 1d 59 22 23 1b a 23 50 d3
FIXUPS: 42ee9 ffffef91 1f 3d 50 22 22 5e 14 26 14 1a0 13 1a 19 24 2d a9
FIXUPS: 42307 2a 26 1a 8 30 85 40 2c 4e 2c ea 2c 9d 35 3320 23 17 4e 12f
FIXUPS: 45be2 1e 1b 1e 18 18 18 20 15 17 3d f 13 d 13 27 27 22 22 19 16
FIXUPS: 45e27 1c 19 1d 1f 1f fffff668 24 25 8 22 32 2b 29 2a 28 26 27 2b
FIXUPS: 45708 27 28 25 1d 17 83 3f 21 8 3b 1e 7d f 1b 1b 1e 18 18 fffff661
FIXUPS: 45074 3b 1e 1e 1e 23 1d 1d 13 11 11 2b 28 26 27 6e 93 11 e 21 8
FIXUPS: 453b0 2e 26 23 13 33 23 23 24 27 fffff17b 2c 15 15 59 5d 90 7e
FIXUPS: 448d0 1b 1b 2a 73 3a 29 29 29 bc e5 e5 db 49 c6 f 22 22 1e 1a 1a
FIXUPS: 44f87 25 17 fffff049 12 12 33 2d 2c 2d 2f 2f 2c 2d ae 83 167 11
FIXUPS: 444af 2a 16 3c 10 21 10 14 1a 3b 13 d 23 13 15 1c f fffff70b 12
FIXUPS: 43d9a 12 12 12 12 12 12 12 35 9 23 9 23 9 23 9 23 9 21 12 1f 12
FIXUPS: 43f7c 12 12 12 12 12 12 12 fffffb2f 12 12 12 12 12 12 12 12 12
FIXUPS: 43bdd 12 12 12 12 12 12 12 12 12 12 12 12 12 12 12 12 17 12 d 12
FIXUPS: 43d57 fffffb39 12 12 12 12 12 12 12 12 12 12 12 12 12 35 9 23 9
FIXUPS: 43a07 9 23 9 23 9 23 9 23 9 21 12 12 12 3a69 14 e 10 f 15 9 42
FIXUPS: 47681 45 f 1f 1d 34 1a 25 1c 67 16 34 92 9a a9 75 ffffbd67 9 1b
FIXUPS: 4382f 19 12 12 12 394f 38 1a 24 35 85 48 8 19 14 9 10 10 14 e 10
FIXUPS: 473e4 48 2a 14 9 10 10 14 e 10 f 45 2a 14 9 10 fffff31a 8a 15 124
FIXUPS: 46a55 b e aa 8 21 8 2d 50 30 30 28 38 35 42 df 1e 31 1e 52 8d 5b
FIXUPS: 46fad 191 1c 8 5 25 fffff0cb 12 5 f 2b 88 28 d 12 12 c 7 1d a 36
FIXUPS: 46411 c 16 37 2e 20 2f 12 34 22 179 7f 36 63 10 1e 59 fffff748
FIXUPS: 45fc3 22 48 d 16 20 12 12 12 12 12 12 d d d d d d d d d d d d 1e
FIXUPS: 461a3 e e 25 27 25 1d5f 26 2b 15 23 43 3d 21 11 31 16 2c 16 1d
FIXUPS: 4817b 17 19 1e d 22 1b 1f 16 29 23 ffffdc75 1e 17 17 16 17 17 23e2
FIXUPS: 48406 79 b6 8 5 21 8 5 187 5e 113 64 16 60 56 fffff126 2d 22 a2
FIXUPS: 47c5f 25 13 1b 1d 25 32 2f 3a 68 3b 108 1620 c 18 f f 14 c 13 2d
FIXUPS: 49626 c 10 c 10 c c 12 f c 14 10 62 13 f 1e 3f 15 ffffeb83 8 5
FIXUPS: 4836e 8 e65 16 e 1c c 11 15 18 14 20 d 12 d 12 10 40 2e 1a 19 5
FIXUPS: 493b3 1a 13 1c 17 10 22 1a 77 1f 10 3d fffff915 1a 13 1d 13 15
FIXUPS: 48eda c c 23 3a 11 1a 13 16 15 15 2e 35 19 22 29 28 1b 27 2a 1a
FIXUPS: 49158 28 20 18 10 1521 a a 8 c 8 a 8 f 5 13 ffffe377 a3 6a 1e f
FIXUPS: 48c0f 31 f 16 c 25 89 25 24 14 3a 1f 26 18 17 15 114a 26 8 20 158
FIXUPS: 4a1c8 30 40 8 2b 8 1c 2b 8 2b 8 1a 77 8 aa 44 12 23 26 19 29 21
FIXUPS: 4a549 32 c0 96 8 fffff332 24 2e 19 95 37 38 33 3f 1a 8 32 8 17
FIXUPS: 49c8b 1e 77 18 20 18 2b 34 8 5c 8 1d 30 8 2d 21 4b 58 313c 11 11
FIXUPS: 4d0f3 b 1b 1b 29 9a 57 16 f 20 23 68 16 24 c9 13 c 18 f 12 19 28
FIXUPS: 4d4ea 5 5 1d 54 14 ffffc455 313b 32 3a 9b 15 2a 2e c4 11 11 17
FIXUPS: 4cd9b 19 21 19 16 16 30 18 22 40 14 16 18 1e 75 6f 20 1b 1f 14
FIXUPS: 4d0b5 fffff538 d 21 15 37 1f 1f 19 19 30 16 f c5 13 19 d 1b 65
FIXUPS: 4c8b9 2c 13 f 24 61 3e 1b 3f 1f 1d f 12 30 fffff8cf d 11 a 11 a
FIXUPS: 4c3d4 a 11 a 11 a 11 a 1a a 2b 1d 29 10 1d d 1d d 1d d 1d d 1d
FIXUPS: 4c5a6 1d d fffff8b5 64 1a c 18 13 1f 118 26 22 23 23 22 23 30 6c
FIXUPS: 4c1f0 20 20 1b a 1b a 40 a 2e a 12 1d a 1d a fffff6f8 1b a 1d a
FIXUPS: 4babd a 1d a 20 23 20 20 20 23 21 1e d 1e d 56 25 16 58 6a 11 a
FIXUPS: 4bdaa a 5a 24 21 fffff1b9 51 15 2d 13 20 60 16 43 20 59 22 28 37
FIXUPS: 4b344 42 18 59 93 88 1c5 11c 7b 7f 30 84 1d 20 20 1d 12 1d fffff23b
FIXUPS: 4aca0 b 1b 11 19 1b 13 5b 21 2f 16 11 15 16 37 13 21 16 51 13 51
FIXUPS: 4af64 11 14 d 14 d 11 12 10 11 fffff8e9 d d d d d d d d d d d d
FIXUPS: 4a992 12 37 2c 13 14 14 2f 2d 13 11 2b 36 1d 50 2f 11 89 11 33b3
FIXUPS: 4e05d 33 26 11 4a 53 25 1e 10 c1 3f e 1f 18 ffffc46b 21 c 9 26
FIXUPS: 4a7e4 f 30 14 23 16 1c f 15 d d d 2f40 ef 108 26 10 44 7d 5b 3d
FIXUPS: 4dc02 11 56 15 1a 43 17 3b 25 1f 17 43 68 15 1b 31 12 15 126 11
FIXUPS: 4e004 6 d 2504 34 1a 17 38 32 23 14 71 55 8b 1d 44 c 1b e 11 29
FIXUPS: 5084e c 56 66 21 27 27 27 27 69 13 b ffffcc46 97 2903 27 20 1d
FIXUPS: 500b5 46 e2 c 11 20 1a 15 15 12 c c 11 11 24 e 3b 13 b e 36 3f
FIXUPS: 503cc 38 32 e 19 70 ffffef9b de 32 57 81 e 13 8b 74 16 a5 16 e
FIXUPS: 4f8d9 16 e 44 63 58 37 66 88 176 3f 1d 27 ac 16 86 7a f0 4b 1de9
FIXUPS: 4e3a0 11 61 48 134 9c 22 be 57 283 d1 45 68 e4 133 51 91 dc 73
FIXUPS: 4efee 3e 16 42 174 8 12 14 a5 a1 30 b3 2530 16 1f 31 f 31 14 1a
FIXUPS: 51a76 23 23 23 23 23 23 23 23 23 23 23 23 23 20 20 20 20 1f 25
FIXUPS: 51d19 93 b 24 fffff3eb 23 5b 42 ad 78 8f 1c 1e 2a 92 3a 33 58 5
FIXUPS: 51605 3d 30 b1 5a e 33 38 7 11 6b e 4a 11 11 11 46 174f a c 8 1e
FIXUPS: 530f5 8 41 28 8 1b ffffec9f 1b 13 29 2b 13b 20 2b 23 ffffea84 39
FIXUPS: 50b27 cf 7f fd 9d 193 dd 4c 2c a2 1692 11b 13 c 1f 46 32 3c 16
FIXUPS: 52bf0 8d d 19 eb 1e 104 2c 16 2c 12 16 10 29 24 27 2a 12 2a 12
FIXUPS: 5306b 21 8 fffff303 1c 16 2b 15 5 1b a7 25 1f 65 20 3a 2a 18 2d
FIXUPS: 5266f 2c 2d 1d 15 9 2f 4c 18 7 18 1e 16 5 29 7 fffff8ff 15 c 13
FIXUPS: 5215d 15 c 15 8 11 3c f 15 8 11 18 12 19 13 13 1a 10 19 c 12 1d
FIXUPS: 5231b 15 1d f 15 11 2932 d d d d d d d d d d d d d d d d d d d
FIXUPS: 54db8 d d d d d d d d d d d fffff631 3e 3e 3d 11a 18 3b 98 5 32
FIXUPS: 547ce 28 26c 2e 12 12 11 10 5 8a 19 5d 45 16 12 12 d d d d d d
FIXUPS: 535f4 14 62 1f 8 20 5c 11a 1d b0 9 f 9 f 9 f 9 476 dd 31 1d 19
FIXUPS: 53f77 11 11 106 14 4f 4b 141 3e 3e 1f80 55 9a 40 6f db 148 30 3d
FIXUPS: 56768 2b eb 26 bc 11 ffffe55e 1f 49 a6 20 1c 42 1c 16 37 ffffe106
FIXUPS: 53228 57 8a 2f 117 48 1f87 6b f 139 1d 19 11 27 1f a3 13c 5f 2f
FIXUPS: 559d9 26 1d 1d d0 133 b3 18 17 37 c7 3b 43 92 105 4c 10c 29 33
FIXUPS: 575c2 1f 3e 4c 3e 53 3e 2b 3e 3f 48 1b 52 2b c 22 17 23 1e 2f 12
FIXUPS: 57997 3e a 2d 15 11 18 12 ffffd82c 11 23 1daf 1d 37 2c 12 27 1e
FIXUPS: 57173 1d 2f 2b 22 26 26 18 40 21 27 27 31 12 13 28 28 24 f 1f 41
FIXUPS: 574bc e 2e 56 77d ffffed58 22 16 c6 b 1a 12 20 140 32 2d 1b 22
FIXUPS: 56da7 1b 22 3b 2d 7b d 22 20 d 2b 2d 3f 22 28 1f 26 11
